Component: ARM Compiler 5.06 update 6 (build 750) Tool: armlink [4d35ed]

==============================================================================

Section Cross References

    app_pin_configuration.o(i.ads1292r_ref_voltage_init) refers to app_pin_configuration.o(i.init_ref_vtg_ads1292r) for init_ref_vtg_ads1292r
    app_pin_configuration.o(i.ads1292r_ref_voltage_init) refers to app_pin_configuration.o(i.turnon_ref_vtg_ads1292r) for turnon_ref_vtg_ads1292r
    app_pin_configuration.o(i.init_1V8) refers to app_hal_gpio.o(i.app_gpio_hal_configure_pin_output) for app_gpio_hal_configure_pin_output
    app_pin_configuration.o(i.init_1V8) refers to app_pin_configuration.o(.bss) for vtg_pin_1V8
    app_pin_configuration.o(i.init_3V0) refers to app_hal_gpio.o(i.app_gpio_hal_configure_pin_output) for app_gpio_hal_configure_pin_output
    app_pin_configuration.o(i.init_3V0) refers to app_pin_configuration.o(.bss) for vtg_pin_3V0
    app_pin_configuration.o(i.init_ref_vtg_ads1292r) refers to app_hal_gpio.o(i.app_gpio_hal_configure_pin_output) for app_gpio_hal_configure_pin_output
    app_pin_configuration.o(i.init_ref_vtg_ads1292r) refers to app_pin_configuration.o(.bss) for ref_vol1
    app_pin_configuration.o(i.init_wireless_charging) refers to app_hal_gpio.o(i.app_gpio_hal_configure_pin_output) for app_gpio_hal_configure_pin_output
    app_pin_configuration.o(i.init_wireless_charging) refers to app_pin_configuration.o(.bss) for enable1_wireless_config
    app_pin_configuration.o(i.turnoff_1V8) refers to app_hal_gpio.o(i.app_gpio_hal_clear_output_pin) for app_gpio_hal_clear_output_pin
    app_pin_configuration.o(i.turnoff_1V8) refers to app_pin_configuration.o(.bss) for vtg_pin_1V8
    app_pin_configuration.o(i.turnoff_3V0) refers to app_hal_gpio.o(i.app_gpio_hal_clear_output_pin) for app_gpio_hal_clear_output_pin
    app_pin_configuration.o(i.turnoff_3V0) refers to app_pin_configuration.o(.bss) for vtg_pin_3V0
    app_pin_configuration.o(i.turnoff_ref_vtg_ads1292r) refers to app_hal_gpio.o(i.app_gpio_hal_clear_output_pin) for app_gpio_hal_clear_output_pin
    app_pin_configuration.o(i.turnoff_ref_vtg_ads1292r) refers to app_pin_configuration.o(.bss) for ref_vol1
    app_pin_configuration.o(i.turnoff_wireless_charging) refers to app_hal_gpio.o(i.app_gpio_hal_set_output_pin) for app_gpio_hal_set_output_pin
    app_pin_configuration.o(i.turnoff_wireless_charging) refers to app_pin_configuration.o(.bss) for enable1_wireless_config
    app_pin_configuration.o(i.turnon_1V8) refers to app_hal_gpio.o(i.app_gpio_hal_set_output_pin) for app_gpio_hal_set_output_pin
    app_pin_configuration.o(i.turnon_1V8) refers to app_pin_configuration.o(.bss) for vtg_pin_1V8
    app_pin_configuration.o(i.turnon_3V0) refers to app_hal_gpio.o(i.app_gpio_hal_set_output_pin) for app_gpio_hal_set_output_pin
    app_pin_configuration.o(i.turnon_3V0) refers to app_pin_configuration.o(.bss) for vtg_pin_3V0
    app_pin_configuration.o(i.turnon_ref_vtg_ads1292r) refers to app_hal_gpio.o(i.app_gpio_hal_set_output_pin) for app_gpio_hal_set_output_pin
    app_pin_configuration.o(i.turnon_ref_vtg_ads1292r) refers to app_pin_configuration.o(.bss) for ref_vol1
    app_pin_configuration.o(i.turnon_wireless_charging) refers to app_hal_gpio.o(i.app_gpio_hal_clear_output_pin) for app_gpio_hal_clear_output_pin
    app_pin_configuration.o(i.turnon_wireless_charging) refers to app_pin_configuration.o(.bss) for enable1_wireless_config
    app_pin_configuration.o(i.voltage_pins_init) refers to app_pin_configuration.o(i.init_1V8) for init_1V8
    app_pin_configuration.o(i.voltage_pins_init) refers to app_pin_configuration.o(i.turnon_1V8) for turnon_1V8
    app_pin_configuration.o(i.voltage_pins_init) refers to app_pin_configuration.o(i.init_3V0) for init_3V0
    app_pin_configuration.o(i.voltage_pins_init) refers to app_pin_configuration.o(i.turnon_3V0) for turnon_3V0
    app_pin_configuration.o(i.wireless_charging_init) refers to app_pin_configuration.o(i.init_wireless_charging) for init_wireless_charging
    app_pin_configuration.o(i.wireless_charging_init) refers to app_pin_configuration.o(i.turnon_wireless_charging) for turnon_wireless_charging
    app_queues.o(i.create_queues) refers to queue.o(i.xQueueGenericCreate) for xQueueGenericCreate
    app_queues.o(i.create_queues) refers to nrf_log_frontend.o(i.nrf_log_frontend_std_0) for nrf_log_frontend_std_0
    app_queues.o(i.create_queues) refers to app_queues.o(.data) for xQueue_Bio_Impedence
    app_queues.o(i.create_queues) refers to nrf_log_frontend.o(log_dynamic_data) for m_nrf_log_app_logs_data_dynamic
    app_startup.o(i.init_modules) refers to app_startup.o(i.log_init) for log_init
    app_startup.o(i.init_modules) refers to app_startup.o(i.clock_init) for clock_init
    app_startup.o(i.init_modules) refers to app_pin_configuration.o(i.gpio_nfc_to_gpio_1) for gpio_nfc_to_gpio_1
    app_startup.o(i.init_modules) refers to app_helper.o(i.bluetooth_init) for bluetooth_init
[...]
    0x00000210   0x00000210   0x00000000   Code   RO         9391    .ARM.Collect$$$$0000000D  mc_w.l(entry10a.o)
    0x00000210   0x00000210   0x00000000   Code   RO         9393    .ARM.Collect$$$$0000000F  mc_w.l(entry11a.o)
    0x00000210   0x00000210   0x00000004   Code   RO         9382    .ARM.Collect$$$$00002712  mc_w.l(entry2.o)
    0x00000214   0x00000214   0x000000a0   Code   RO         3509    .emb_text           port.o
    0x000002b4   0x000002b4   0x0000001a   Code   RO         6399    .emb_text           app_error_handler_keil.o
    0x000002ce   0x000002ce   0x00000002   PAD
    0x000002d0   0x000002d0   0x00000034   Code   RO         6957    .emb_text           hardfault_handler_keil.o
    0x00000304   0x00000304   0x000000c8   Code   RO         7050    .emb_text           nrf_atfifo.o
    0x000003cc   0x000003cc   0x000000e2   Code   RO         7189    .emb_text           nrf_atomic.o
    0x000004ae   0x000004ae   0x00000002   PAD
    0x000004b0   0x000004b0   0x00000024   Code   RO         9208    .text               arm_startup_nrf52.o
    0x000004d4   0x000004d4   0x00000024   Code   RO         9339    .text               mc_w.l(memcpya.o)
    0x000004f8   0x000004f8   0x00000024   Code   RO         9341    .text               mc_w.l(memseta.o)
    0x0000051c   0x0000051c   0x0000001a   Code   RO         9347    .text               mc_w.l(memcmp.o)
    0x00000536   0x00000536   0x00000012   Code   RO         9349    .text               mc_w.l(strcpy.o)
    0x00000548   0x00000548   0x00000024   Code   RO         9399    .text               mc_w.l(init.o)
    0x0000056c   0x0000056c   0x00000056   Code   RO         9409    .text               mc_w.l(__dczerorl2.o)
    0x000005c2   0x000005c2   0x00000002   PAD
    0x000005c4   0x000005c4   0x0000012c   Code   RO          684    i.BQ25120_init      bq25120.o
    0x000006f0   0x000006f0   0x00000060   Code   RO          514    i.BQ25120_init_task_function  app_tasks_list.o
    0x00000750   0x00000750   0x0000004e   Code   RO          685    i.BQ25120_read_battery_monitor_register  bq25120.o
    0x0000079e   0x0000079e   0x00000012   Code   RO          686    i.BQ25120_read_data  bq25120.o
    0x000007b0   0x000007b0   0x00000012   Code   RO          687    i.BQ25120_write_data  bq25120.o
    0x000007c2   0x000007c2   0x0000002a   Code   RO          740    i.BQ27421_read      bq27421.o
    0x000007ec   0x000007ec   0x00000078   Code   RO          515    i.Bio_Impedence_display_task_function  app_tasks_list.o
    0x00000864   0x00000864   0x0000005c   Code   RO          516    i.Bio_Impedence_receive_task_function  app_tasks_list.o
    0x000008c0   0x000008c0   0x0000000a   Code   RO         1433    i.GPIOTE_IRQHandler  app_hal_gpiote.o
    0x000008ca   0x000008ca   0x00000002   PAD
    0x000008cc   0x000008cc   0x000001d4   Code   RO         6979    i.HardFault_c_handler  hardfault_implementation.o
    0x00000aa0   0x00000aa0   0x00000044   Code   RO         6980    i.HardFault_process  hardfault_implementation.o
    0x00000ae4   0x00000ae4   0x00000080   Code   RO         3409    i.RTC1_IRQHandler   port_cmsis_systick.o
    0x00000b64   0x00000b64   0x000000a8   Code   RO         8475    i.SEGGER_RTT_ConfigDownBuffer  segger_rtt_1.o
    0x00000c0c   0x00000c0c   0x000000a8   Code   RO         8476    i.SEGGER_RTT_ConfigUpBuffer  segger_rtt_1.o
    0x00000cb4   0x00000cb4   0x00000098   Code   RO         8485    i.SEGGER_RTT_ReadNoLock  segger_rtt_1.o
    0x00000d4c   0x00000d4c   0x000000b0   Code   RO         8495    i.SEGGER_RTT_WriteSkipNoLock  segger_rtt_1.o
    0x00000dfc   0x00000dfc   0x00000028   Code   RO         9120    i.SEGGER_SYSVIEW_Conf  segger_sysview_config_freertos.o
    0x00000e24   0x00000e24   0x000000bc   Code   RO         8673    i.SEGGER_SYSVIEW_GetSysDesc  segger_sysview.o
    0x00000ee0   0x00000ee0   0x00000064   Code   RO         8674    i.SEGGER_SYSVIEW_Init  segger_sysview.o
    0x00000f44   0x00000f44   0x00000034   Code   RO         8676    i.SEGGER_SYSVIEW_OnIdle  segger_sysview.o
    0x00000f78   0x00000f78   0x00000064   Code   RO         8677    i.SEGGER_SYSVIEW_OnTaskCreate  segger_sysview.o
    0x00000fdc   0x00000fdc   0x00000064   Code   RO         8678    i.SEGGER_SYSVIEW_OnTaskStartExec  segger_sysview.o
    0x00001040   0x00001040   0x00000064   Code   RO         8679    i.SEGGER_SYSVIEW_OnTaskStartReady  segger_sysview.o
    0x000010a4   0x000010a4   0x0000003c   Code   RO         8699    i.SEGGER_SYSVIEW_RecordSystime  segger_sysview.o
    0x000010e0   0x000010e0   0x0000005c   Code   RO         8700    i.SEGGER_SYSVIEW_RecordU32  segger_sysview.o
    0x0000113c   0x0000113c   0x0000007c   Code   RO         8702    i.SEGGER_SYSVIEW_RecordU32x2  segger_sysview.o
    0x000011b8   0x000011b8   0x00000098   Code   RO         8703    i.SEGGER_SYSVIEW_RecordU32x3  segger_sysview.o
    0x00001250   0x00001250   0x000000b8   Code   RO         8704    i.SEGGER_SYSVIEW_RecordU32x4  segger_sysview.o
    0x00001308   0x00001308   0x00000038   Code   RO         8710    i.SEGGER_SYSVIEW_RecordVoid  segger_sysview.o
    0x00001340   0x00001340   0x000000ac   Code   RO         8712    i.SEGGER_SYSVIEW_SendModule  segger_sysview.o
    0x000013ec   0x000013ec   0x00000024   Code   RO         8713    i.SEGGER_SYSVIEW_SendModuleDescription  segger_sysview.o
    0x00001410   0x00001410   0x00000058   Code   RO         8714    i.SEGGER_SYSVIEW_SendNumModules  segger_sysview.o
    0x00001468   0x00001468   0x00000048   Code   RO         8716    i.SEGGER_SYSVIEW_SendSysDesc  segger_sysview.o
    0x000014b0   0x000014b0   0x00000110   Code   RO         8717    i.SEGGER_SYSVIEW_SendTaskInfo  segger_sysview.o
    0x000015c0   0x000015c0   0x00000020   Code   RO         8718    i.SEGGER_SYSVIEW_SendTaskList  segger_sysview.o
    0x000015e0   0x000015e0   0x0000000c   Code   RO         8719    i.SEGGER_SYSVIEW_SetRAMBase  segger_sysview.o
    0x000015ec   0x000015ec   0x00000010   Code   RO         8720    i.SEGGER_SYSVIEW_ShrinkId  segger_sysview.o
    0x000015fc   0x000015fc   0x00000104   Code   RO         8721    i.SEGGER_SYSVIEW_Start  segger_sysview.o
    0x00001700   0x00001700   0x00000044   Code   RO         8722    i.SEGGER_SYSVIEW_Stop  segger_sysview.o
    0x00001744   0x00001744   0x00000080   Code   RO         8723    i.SEGGER_SYSVIEW_Warn  segger_sysview.o
    0x000017c4   0x000017c4   0x00000048   Code   RO         6290    i.SWI2_EGU2_IRQHandler  nrf_sdh_freertos.o
    0x0000180c   0x0000180c   0x000000ac   Code   RO         9150    i.SYSVIEW_AddTask   segger_sysview_freertos.o
    0x000018b8   0x000018b8   0x00000032   Code   RO         9152    i.SYSVIEW_SendTaskInfo  segger_sysview_freertos.o
    0x000018ea   0x000018ea   0x00000002   PAD
    0x000018ec   0x000018ec   0x00000010   Code   RO         9215    i.SystemCoreClockUpdate  system_nrf52.o
    0x000018fc   0x000018fc   0x00000298   Code   RO         9216    i.SystemInit        system_nrf52.o
    0x00001b94   0x00001b94   0x00000070   Code   RO         8498    i._DoInit           segger_rtt_1.o
    0x00001c04   0x00001c04   0x00000044   Code   RO         8727    i._EncodeStr        segger_sysview.o
    0x00001c48   0x00001c48   0x00000098   Code   RO         8728    i._HandleIncomingPacket  segger_sysview.o
    0x00001ce0   0x00001ce0   0x00000006   Code   RO         8729    i._PreparePacket    segger_sysview.o
    0x00001ce6   0x00001ce6   0x00000002   PAD
    0x00001ce8   0x00001ce8   0x0000011c   Code   RO         8732    i._SendPacket       segger_sysview.o
    0x00001e04   0x00001e04   0x00000084   Code   RO         8734    i._TrySendOverflowPacket  segger_sysview.o
    0x00001e88   0x00001e88   0x0000000e   Code   RO         9403    i.__scatterload_copy  mc_w.l(handlers.o)
    0x00001e96   0x00001e96   0x00000002   Code   RO         9404    i.__scatterload_null  mc_w.l(handlers.o)
    0x00001e98   0x00001e98   0x0000000e   Code   RO         9405    i.__scatterload_zeroinit  mc_w.l(handlers.o)
    0x00001ea6   0x00001ea6   0x00000002   PAD
    0x00001ea8   0x00001ea8   0x00000038   Code   RO         6068    i.__sd_nvic_app_accessible_irq  nrf_sdh.o
    0x00001ee0   0x00001ee0   0x0000000c   Code   RO         3410    i.__sd_nvic_irq_disable  port_cmsis_systick.o
    0x00001eec   0x00001eec   0x0000000c   Code   RO         5600    i.__sd_nvic_irq_disable  app_util_platform.o
    0x00001ef8   0x00001ef8   0x0000001c   Code   RO         6069    i.__sd_nvic_is_app_accessible_priority  nrf_sdh.o
    0x00001f14   0x00001f14   0x00000008   Code   RO         2414    i.__set_BASEPRI     queue.o
    0x00001f1c   0x00001f1c   0x00000008   Code   RO         2780    i.__set_BASEPRI     tasks.o
    0x00001f24   0x00001f24   0x00000008   Code   RO         3340    i.__set_BASEPRI     port_cmsis.o
    0x00001f2c   0x00001f2c   0x00000008   Code   RO         3411    i.__set_BASEPRI     port_cmsis_systick.o
    0x00001f34   0x00001f34   0x0000003e   Code   RO         9154    i._cbGetTime        segger_sysview_freertos.o
    0x00001f72   0x00001f72   0x00000002   PAD
    0x00001f74   0x00001f74   0x00000054   Code   RO         9121    i._cbSendSystemDesc  segger_sysview_config_freertos.o
    0x00001fc8   0x00001fc8   0x00000070   Code   RO         9155    i._cbSendTaskList   segger_sysview_freertos.o
    0x00002038   0x00002038   0x00000032   Code   RO         4426    i.addr_compare      id_manager.o
    0x0000206a   0x0000206a   0x00000010   Code   RO         7456    i.addr_is_aligned32  nrf_fstorage.o
    0x0000207a   0x0000207a   0x00000014   Code   RO         7457    i.addr_is_page_aligned  nrf_fstorage.o
    0x0000208e   0x0000208e   0x00000018   Code   RO         3658    i.addr_is_valid     ble_advertising.o
    0x000020a6   0x000020a6   0x0000001c   Code   RO         7458    i.addr_is_within_bounds  nrf_fstorage.o
    0x000020c2   0x000020c2   0x00000002   PAD
    0x000020c4   0x000020c4   0x0000002c   Code   RO         6504    i.address_is_valid  fds.o
    0x000020f0   0x000020f0   0x00000010   Code   RO          610    i.ads1292r_enable   ads1292r.o
    0x00002100   0x00002100   0x00000062   Code   RO          611    i.ads1292r_get_bioimpedance  ads1292r.o
    0x00002162   0x00002162   0x00000002   PAD
    0x00002164   0x00002164   0x0000016c   Code   RO          612    i.ads1292r_init     ads1292r.o
    0x000022d0   0x000022d0   0x0000001c   Code   RO          613    i.ads1292r_interface_init  ads1292r.o
    0x000022ec   0x000022ec   0x00000030   Code   RO          614    i.ads1292r_pin_config  ads1292r.o
    0x0000231c   0x0000231c   0x00000012   Code   RO          615    i.ads1292r_read_id  ads1292r.o
    0x0000232e   0x0000232e   0x00000032   Code   RO          616    i.ads1292r_read_register  ads1292r.o
    0x00002360   0x00002360   0x0000000c   Code   RO            4    i.ads1292r_ref_voltage_init  app_pin_configuration.o
    0x0000236c   0x0000236c   0x0000000c   Code   RO          617    i.ads1292r_send_command  ads1292r.o
    0x00002378   0x00002378   0x00000030   Code   RO          618    i.ads1292r_set_register  ads1292r.o
    0x000023a8   0x000023a8   0x00000058   Code   RO         3659    i.adv_mode_next_avail_get  ble_advertising.o
    0x00002400   0x00002400   0x00000012   Code   RO         3660    i.adv_mode_next_get  ble_advertising.o
    0x00002412   0x00002412   0x00000002   PAD
    0x00002414   0x00002414   0x0000009c   Code   RO         2004    i.advertising_init  app_helper.o
    0x000024b0   0x000024b0   0x00000050   Code   RO         2005    i.advertising_start  app_helper.o
    0x00002500   0x00002500   0x00000056   Code   RO         4427    i.ah                id_manager.o
    0x00002556   0x00002556   0x00000002   PAD
    0x00002558   0x00002558   0x00000014   Code   RO         5735    i.allow_repairing   security_dispatcher.o
    0x0000256c   0x0000256c   0x00000002   Code   RO         2006    i.app_acc_data_handler  app_helper.o
    0x0000256e   0x0000256e   0x00000002   PAD
    0x00002570   0x00002570   0x0000092c   Code   RO         2007    i.app_dts_data_handler  app_helper.o
    0x00002e9c   0x00002e9c   0x000001a8   Code   RO         6421    i.app_error_fault_handler  app_error_weak.o
    0x00003044   0x00003044   0x00000088   Code   RO         6366    i.app_error_save_and_stop  app_error.o
    0x000030cc   0x000030cc   0x00000010   Code   RO          945    i.app_gpio_drv_clear_output_pin  app_drv_gpio.o
    0x000030dc   0x000030dc   0x00000018   Code   RO          946    i.app_gpio_drv_configure_drive_configuration  app_drv_gpio.o
    0x000030f4   0x000030f4   0x00000030   Code   RO          947    i.app_gpio_drv_configure_input_buffer  app_drv_gpio.o
    0x00003124   0x00003124   0x00000016   Code   RO          948    i.app_gpio_drv_configure_pin_direction  app_drv_gpio.o
    0x0000313a   0x0000313a   0x00000018   Code   RO          951    i.app_gpio_drv_configure_pin_sensing  app_drv_gpio.o
    0x00003152   0x00003152   0x00000018   Code   RO          952    i.app_gpio_drv_configure_pull_configuration  app_drv_gpio.o
    0x0000316a   0x0000316a   0x00000010   Code   RO          954    i.app_gpio_drv_set_output_pin  app_drv_gpio.o
    0x0000317a   0x0000317a   0x00000010   Code   RO         1355    i.app_gpio_hal_clear_output_pin  app_hal_gpio.o
    0x0000318a   0x0000318a   0x00000014   Code   RO         1356    i.app_gpio_hal_configure_drive_configuration  app_hal_gpio.o
    0x0000319e   0x0000319e   0x00000014   Code   RO         1357    i.app_gpio_hal_configure_input_buffer  app_hal_gpio.o
    0x000031b2   0x000031b2   0x00000014   Code   RO         1358    i.app_gpio_hal_configure_pin_direction  app_hal_gpio.o
    0x000031c6   0x000031c6   0x00000038   Code   RO         1359    i.app_gpio_hal_configure_pin_input  app_hal_gpio.o
    0x000031fe   0x000031fe   0x00000038   Code   RO         1360    i.app_gpio_hal_configure_pin_output  app_hal_gpio.o
    0x00003236   0x00003236   0x00000014   Code   RO         1361    i.app_gpio_hal_configure_pin_sensing  app_hal_gpio.o
    0x0000324a   0x0000324a   0x00000014   Code   RO         1362    i.app_gpio_hal_configure_pull_configuration  app_hal_gpio.o
    0x0000325e   0x0000325e   0x00000010   Code   RO         1364    i.app_gpio_hal_set_output_pin  app_hal_gpio.o
    0x0000326e   0x0000326e   0x00000002   PAD
    0x00003270   0x00003270   0x0000001c   Code   RO         1023    i.app_gpiote_drv_clear_pin_event  app_drv_gpiote.o
    0x0000328c   0x0000328c   0x0000000c   Code   RO         1434    i.app_gpiote_hal_clear_pin_event  app_hal_gpiote.o
    0x00003298   0x00003298   0x0000000a   Code   RO         1106    i.app_spi_drv_configure_miso  app_drv_spi.o
    0x000032a2   0x000032a2   0x0000000a   Code   RO         1107    i.app_spi_drv_configure_mosi  app_drv_spi.o
    0x000032ac   0x000032ac   0x00000008   Code   RO         1108    i.app_spi_drv_configure_sclk  app_drv_spi.o
    0x000032b4   0x000032b4   0x00000022   Code   RO         1109    i.app_spi_drv_configure_spi_bit_order  app_drv_spi.o
    0x000032d6   0x000032d6   0x00000056   Code   RO         1110    i.app_spi_drv_configure_spi_frequency  app_drv_spi.o
    0x0000332c   0x0000332c   0x00000076   Code   RO         1111    i.app_spi_drv_configure_spi_mode  app_drv_spi.o
    0x000033a2   0x000033a2   0x00000008   Code   RO         1112    i.app_spi_drv_enable_spi_module  app_drv_spi.o
    0x000033aa   0x000033aa   0x0000004c   Code   RO         1113    i.app_spi_drv_read_spi  app_drv_spi.o
    0x000033f6   0x000033f6   0x0000004c   Code   RO         1114    i.app_spi_drv_write_spi  app_drv_spi.o
    0x00003442   0x00003442   0x0000002a   Code   RO         1505    i.app_spi_hal_configure_cs  app_hal_spi.o
    0x0000346c   0x0000346c   0x0000002e   Code   RO         1506    i.app_spi_hal_configure_miso  app_hal_spi.o
    0x0000349a   0x0000349a   0x00000032   Code   RO         1507    i.app_spi_hal_configure_mosi  app_hal_spi.o
    0x000034cc   0x000034cc   0x00000032   Code   RO         1508    i.app_spi_hal_configure_sclk  app_hal_spi.o
    0x000034fe   0x000034fe   0x00000044   Code   RO         1509    i.app_spi_hal_configure_spi  app_hal_spi.o
    0x00003542   0x00003542   0x00000010   Code   RO         1510    i.app_spi_hal_configure_spi_bit_order  app_hal_spi.o
    0x00003552   0x00003552   0x00000010   Code   RO         1511    i.app_spi_hal_configure_spi_frequency  app_hal_spi.o
    0x00003562   0x00003562   0x00000010   Code   RO         1512    i.app_spi_hal_configure_spi_mode  app_hal_spi.o
    0x00003572   0x00003572   0x0000000c   Code   RO         1513    i.app_spi_hal_enable_spi_module  app_hal_spi.o
    0x0000357e   0x0000357e   0x00000014   Code   RO         1514    i.app_spi_hal_read_spi  app_hal_spi.o
    0x00003592   0x00003592   0x00000014   Code   RO         1515    i.app_spi_hal_write_spi  app_hal_spi.o
    0x000035a6   0x000035a6   0x00000018   Code   RO         6454    i.app_timer_callback  app_timer_freertos.o
    0x000035be   0x000035be   0x00000002   PAD
    0x000035c0   0x000035c0   0x0000006c   Code   RO         6455    i.app_timer_create  app_timer_freertos.o
    0x0000362c   0x0000362c   0x00000004   Code   RO         6456    i.app_timer_init    app_timer_freertos.o
    0x00003630   0x00003630   0x000000ec   Code   RO         6457    i.app_timer_start   app_timer_freertos.o
    0x0000371c   0x0000371c   0x0000008c   Code   RO         6458    i.app_timer_stop    app_timer_freertos.o
    0x000037a8   0x000037a8   0x00000008   Code   RO         1181    i.app_twim_drv_enable_module  app_drv_twi.o
    0x000037b0   0x000037b0   0x00000042   Code   RO         1182    i.app_twim_drv_read_data  app_drv_twi.o
    0x000037f2   0x000037f2   0x00000006   Code   RO         1183    i.app_twim_drv_set_frequency  app_drv_twi.o
    0x000037f8   0x000037f8   0x0000001e   Code   RO         1184    i.app_twim_drv_set_sclk  app_drv_twi.o
    0x00003816   0x00003816   0x00000020   Code   RO         1185    i.app_twim_drv_set_sda  app_drv_twi.o
    0x00003836   0x00003836   0x00000032   Code   RO         1186    i.app_twim_drv_write_data  app_drv_twi.o
    0x00003868   0x00003868   0x0000000c   Code   RO         1591    i.app_twim_hal_enable_module  app_hal_twi.o
    0x00003874   0x00003874   0x00000028   Code   RO         1592    i.app_twim_hal_init  app_hal_twi.o
    0x0000389c   0x0000389c   0x0000001c   Code   RO         1593    i.app_twim_hal_read_data  app_hal_twi.o
    0x000038b8   0x000038b8   0x00000010   Code   RO         1594    i.app_twim_hal_set_frequency  app_hal_twi.o
    0x000038c8   0x000038c8   0x00000014   Code   RO         1595    i.app_twim_hal_set_sclk  app_hal_twi.o
    0x000038dc   0x000038dc   0x00000014   Code   RO         1596    i.app_twim_hal_set_sda  app_hal_twi.o
    0x000038f0   0x000038f0   0x0000001c   Code   RO         1597    i.app_twim_hal_write_data  app_hal_twi.o
    0x0000390c   0x0000390c   0x0000000c   Code   RO         5601    i.app_util_critical_region_enter  app_util_platform.o
    0x00003918   0x00003918   0x00000048   Code   RO         5602    i.app_util_critical_region_exit  app_util_platform.o
    0x00003960   0x00003960   0x00000052   Code   RO         3531    i.appearance_encode  ble_advdata.o
    0x000039b2   0x000039b2   0x0000000e   Code   RO         4207    i.apply_pending_handle  gatt_cache_manager.o
    0x000039c0   0x000039c0   0x00000014   Code   RO         5736    i.auth_status_failure_process  security_dispatcher.o
    0x000039d4   0x000039d4   0x0000001c   Code   RO         5737    i.auth_status_process  security_dispatcher.o
    0x000039f0   0x000039f0   0x0000010c   Code   RO         5738    i.auth_status_success_process  security_dispatcher.o
    0x00003afc   0x00003afc   0x0000006c   Code   RO         4115    i.blcm_link_ctx_get  ble_link_ctx_manager.o
    0x00003b68   0x00003b68   0x0000016c   Code   RO         3533    i.ble_advdata_encode  ble_advdata.o
    0x00003cd4   0x00003cd4   0x00000028   Code   RO         3535    i.ble_advdata_parse  ble_advdata.o
    0x00003cfc   0x00003cfc   0x00000040   Code   RO         3536    i.ble_advdata_search  ble_advdata.o
    0x00003d3c   0x00003d3c   0x00000006   Code   RO         3661    i.ble_advertising_conn_cfg_tag_set  ble_advertising.o
    0x00003d42   0x00003d42   0x00000108   Code   RO         3662    i.ble_advertising_init  ble_advertising.o
    0x00003e4a   0x00003e4a   0x0000003c   Code   RO         3664    i.ble_advertising_on_ble_evt  ble_advertising.o
    0x00003e86   0x00003e86   0x00000040   Code   RO         3665    i.ble_advertising_on_sys_evt  ble_advertising.o
    0x00003ec6   0x00003ec6   0x00000180   Code   RO         3668    i.ble_advertising_start  ble_advertising.o
    0x00004046   0x00004046   0x00000002   PAD
    0x00004048   0x00004048   0x0000007c   Code   RO         1810    i.ble_app_acc_init  app_acc_service.o
    0x000040c4   0x000040c4   0x00000044   Code   RO         1811    i.ble_app_acc_on_ble_evt  app_acc_service.o
    0x00004108   0x00004108   0x0000007a   Code   RO         1934    i.ble_app_dts_data_send  app_dts_service.o
    0x00004182   0x00004182   0x00000002   PAD
    0x00004184   0x00004184   0x00000090   Code   RO         1935    i.ble_app_dts_init  app_dts_service.o
    0x00004214   0x00004214   0x00000044   Code   RO         1936    i.ble_app_dts_on_ble_evt  app_dts_service.o
    0x00004258   0x00004258   0x0000009c   Code   RO         3814    i.ble_conn_params_init  ble_conn_params.o
    0x000042f4   0x000042f4   0x00000014   Code   RO         3914    i.ble_conn_state_conn_idx  ble_conn_state.o
    0x00004308   0x00004308   0x00000020   Code   RO         3915    i.ble_conn_state_encrypted  ble_conn_state.o
    0x00004328   0x00004328   0x00000028   Code   RO         3917    i.ble_conn_state_for_each_set_user_flag  ble_conn_state.o
    0x00004350   0x00004350   0x0000002c   Code   RO         3922    i.ble_conn_state_role  ble_conn_state.o
    0x0000437c   0x0000437c   0x0000002c   Code   RO         3925    i.ble_conn_state_user_flag_get  ble_conn_state.o
    0x000043a8   0x000043a8   0x0000003c   Code   RO         3926    i.ble_conn_state_user_flag_set  ble_conn_state.o
    0x000043e4   0x000043e4   0x0000001c   Code   RO         3927    i.ble_conn_state_valid  ble_conn_state.o
    0x00004400   0x00004400   0x00000076   Code   RO         3539    i.ble_device_addr_encode  ble_advdata.o
    0x00004476   0x00004476   0x00000002   PAD
    0x00004478   0x00004478   0x00000174   Code   RO         2009    i.ble_evt_handler   app_helper.o
    0x000045ec   0x000045ec   0x00000040   Code   RO         3816    i.ble_evt_handler   ble_conn_params.o
    0x0000462c   0x0000462c   0x000000d4   Code   RO         3928    i.ble_evt_handler   ble_conn_state.o
    0x00004700   0x00004700   0x0000002c   Code   RO         5267    i.ble_evt_handler   peer_manager.o
    0x0000472c   0x0000472c   0x00000012   Code   RO         4141    i.ble_srv_is_notification_enabled  ble_srv_common.o
    0x0000473e   0x0000473e   0x00000002   PAD
    0x00004740   0x00004740   0x0000008c   Code   RO         2010    i.ble_stack_init    app_helper.o
    0x000047cc   0x000047cc   0x00000034   Code   RO         2011    i.bluetooth_init    app_helper.o
    0x00004800   0x00004800   0x000000e4   Code   RO         8056    i.buf_prealloc      nrf_log_frontend.o
    0x000048e4   0x000048e4   0x00000018   Code   RO         8057    i.buffer_is_empty   nrf_log_frontend.o
    0x000048fc   0x000048fc   0x00000020   Code   RO         4208    i.cccd_written      gatt_cache_manager.o
    0x0000491c   0x0000491c   0x0000004a   Code   RO         5172    i.claim             peer_id.o
    0x00004966   0x00004966   0x00000002   Code   RO          328    i.clock_init        app_startup.o
    0x00004968   0x00004968   0x00000028   Code   RO         3670    i.config_is_valid   ble_advertising.o
    0x00004990   0x00004990   0x00000058   Code   RO         2012    i.conn_evt_len_ext_set  app_helper.o
    0x000049e8   0x000049e8   0x0000003c   Code   RO         3929    i.conn_handle_list_get  ble_conn_state.o
    0x00004a24   0x00004a24   0x0000005a   Code   RO         3540    i.conn_int_check    ble_advdata.o
    0x00004a7e   0x00004a7e   0x00000068   Code   RO         3541    i.conn_int_encode   ble_advdata.o
    0x00004ae6   0x00004ae6   0x00000002   PAD
    0x00004ae8   0x00004ae8   0x0000003c   Code   RO         2013    i.conn_params_error_handler  app_helper.o
    0x00004b24   0x00004b24   0x00000084   Code   RO         2014    i.conn_params_init  app_helper.o
    0x00004ba8   0x00004ba8   0x00000054   Code   RO         3817    i.conn_params_negotiation  ble_conn_params.o
    0x00004bfc   0x00004bfc   0x00000044   Code   RO         5739    i.conn_sec_failure  security_dispatcher.o
    0x00004c40   0x00004c40   0x00000058   Code   RO         5740    i.conn_sec_update_process  security_dispatcher.o
    0x00004c98   0x00004c98   0x00000060   Code   RO          162    i.create_queues     app_queues.o
    0x00004cf8   0x00004cf8   0x00000190   Code   RO          517    i.create_tasks      app_tasks_list.o
    0x00004e88   0x00004e88   0x000000d8   Code   RO         4627    i.data_length_update  nrf_ble_gatt.o
    0x00004f60   0x00004f60   0x0000002c   Code   RO         4209    i.db_update_pending_handle  gatt_cache_manager.o
    0x00004f8c   0x00004f8c   0x0000004a   Code   RO         6505    i.delete_execute    fds.o
    0x00004fd6   0x00004fd6   0x00000002   PAD
    0x00004fd8   0x00004fd8   0x00000014   Code   RO          688    i.disable_i2c_enable_charging  bq25120.o
    0x00004fec   0x00004fec   0x00000022   Code   RO         5741    i.disconnect_process  security_dispatcher.o
    0x0000500e   0x0000500e   0x00000002   PAD
    0x00005010   0x00005010   0x00000018   Code   RO         8059    i.dropped_sat16_get  nrf_log_frontend.o
    0x00005028   0x00005028   0x0000003c   Code   RO         2781    i.eTaskConfirmSleepModeStatus  tasks.o
    0x00005064   0x00005064   0x00000014   Code   RO          689    i.enable_i2c_disable_charging  bq25120.o
    0x00005078   0x00005078   0x00000016   Code   RO         5742    i.encryption_failure  security_dispatcher.o
    0x0000508e   0x0000508e   0x00000002   PAD
    0x00005090   0x00005090   0x00000058   Code   RO         7545    i.erase             nrf_fstorage_sd.o
    0x000050e8   0x000050e8   0x0000000e   Code   RO         7546    i.erase_execute     nrf_fstorage_sd.o
    0x000050f6   0x000050f6   0x00000002   PAD
    0x000050f8   0x000050f8   0x00000054   Code   RO         9217    i.errata_108        system_nrf52.o
    0x0000514c   0x0000514c   0x00000054   Code   RO         9218    i.errata_12         system_nrf52.o
    0x000051a0   0x000051a0   0x00000054   Code   RO         9219    i.errata_136        system_nrf52.o
    0x000051f4   0x000051f4   0x00000030   Code   RO         9220    i.errata_16         system_nrf52.o
    0x00005224   0x00005224   0x00000020   Code   RO         9221    i.errata_182        system_nrf52.o
    0x00005244   0x00005244   0x00000054   Code   RO         9222    i.errata_31         system_nrf52.o
    0x00005298   0x00005298   0x00000030   Code   RO         9223    i.errata_32         system_nrf52.o
    0x000052c8   0x000052c8   0x00000054   Code   RO         9224    i.errata_36         system_nrf52.o
    0x0000531c   0x0000531c   0x00000030   Code   RO         9225    i.errata_37         system_nrf52.o
    0x0000534c   0x0000534c   0x00000030   Code   RO         9226    i.errata_57         system_nrf52.o
    0x0000537c   0x0000537c   0x00000030   Code   RO         9227    i.errata_66         system_nrf52.o
    0x000053ac   0x000053ac   0x0000007e   Code   RO         6506    i.event_prepare     fds.o
    0x0000542a   0x0000542a   0x00000002   PAD
    0x0000542c   0x0000542c   0x00000028   Code   RO         6507    i.event_send        fds.o
    0x00005454   0x00005454   0x00000068   Code   RO         7547    i.event_send        nrf_fstorage_sd.o
    0x000054bc   0x000054bc   0x00000078   Code   RO         5913    i.events_send_from_err_code  security_manager.o
    0x00005534   0x00005534   0x0000000c   Code   RO         5914    i.evt_forward       security_manager.o
    0x00005540   0x00005540   0x00000028   Code   RO         4210    i.evt_send          gatt_cache_manager.o
    0x00005568   0x00005568   0x00000020   Code   RO         4428    i.evt_send          id_manager.o
    0x00005588   0x00005588   0x00000028   Code   RO         5268    i.evt_send          peer_manager.o
    0x000055b0   0x000055b0   0x00000028   Code   RO         5743    i.evt_send          security_dispatcher.o
    0x000055d8   0x000055d8   0x00000020   Code   RO         5915    i.evt_send          security_manager.o
    0x000055f8   0x000055f8   0x00000044   Code   RO         6509    i.fds_file_delete   fds.o
    0x0000563c   0x0000563c   0x00000060   Code   RO         6512    i.fds_record_close  fds.o
    0x0000569c   0x0000569c   0x00000016   Code   RO         6514    i.fds_record_find   fds.o
    0x000056b2   0x000056b2   0x00000014   Code   RO         6515    i.fds_record_find_by_key  fds.o
    0x000056c6   0x000056c6   0x00000014   Code   RO         6516    i.fds_record_find_in_file  fds.o
    0x000056da   0x000056da   0x00000012   Code   RO         6517    i.fds_record_id_from_desc  fds.o
    0x000056ec   0x000056ec   0x0000004c   Code   RO         6519    i.fds_record_open   fds.o
    0x00005738   0x00005738   0x0000001a   Code   RO         6520    i.fds_record_update  fds.o
    0x00005752   0x00005752   0x00000014   Code   RO         6521    i.fds_record_write  fds.o
    0x00005766   0x00005766   0x0000001c   Code   RO         6522    i.fds_record_write_reserved  fds.o
    0x00005782   0x00005782   0x00000002   PAD
    0x00005784   0x00005784   0x00000034   Code   RO         6524    i.fds_reserve       fds.o
    0x000057b8   0x000057b8   0x00000054   Code   RO         6525    i.fds_reserve_cancel  fds.o
    0x0000580c   0x0000580c   0x00000034   Code   RO         6527    i.file_find_and_delete  fds.o
    0x00005840   0x00005840   0x0000000a   Code   RO         4803    i.file_id_to_peer_id  peer_data_storage.o
    0x0000584a   0x0000584a   0x00000036   Code   RO         3542    i.flags_encode      ble_advdata.o
    0x00005880   0x00005880   0x0000002a   Code   RO         3671    i.flags_set         ble_advertising.o
    0x000058aa   0x000058aa   0x00000002   PAD
    0x000058ac   0x000058ac   0x0000008c   Code   RO         5917    i.flags_set_from_err_code  security_manager.o
    0x00005938   0x00005938   0x0000000a   Code   RO         3672    i.flash_access_in_progress  ble_advertising.o
    0x00005942   0x00005942   0x00000032   Code   RO         3930    i.for_each_set_flag  ble_conn_state.o
    0x00005974   0x00005974   0x00000050   Code   RO         9353    i.free              mc_w.l(malloc.o)
    0x000059c4   0x000059c4   0x0000000c   Code   RO         6531    i.fs_event_handler  fds.o
    0x000059d0   0x000059d0   0x000000ac   Code   RO         2015    i.gap_params_init   app_helper.o
    0x00005a7c   0x00005a7c   0x00000064   Code   RO         2016    i.gatt_evt_handler  app_helper.o
    0x00005ae0   0x00005ae0   0x00000074   Code   RO         2017    i.gatt_init         app_helper.o
    0x00005b54   0x00005b54   0x00000070   Code   RO         6532    i.gc_execute        fds.o
    0x00005bc4   0x00005bc4   0x00000040   Code   RO         6533    i.gc_init           fds.o
    0x00005c04   0x00005c04   0x00000028   Code   RO         6534    i.gc_next_page      fds.o
    0x00005c2c   0x00005c2c   0x0000004c   Code   RO         6535    i.gc_page_erase     fds.o
    0x00005c78   0x00005c78   0x00000050   Code   RO         6536    i.gc_page_next      fds.o
    0x00005cc8   0x00005cc8   0x00000040   Code   RO         6537    i.gc_record_copy    fds.o
    0x00005d08   0x00005d08   0x00000024   Code   RO         6538    i.gc_record_find_next  fds.o
    0x00005d2c   0x00005d2c   0x00000058   Code   RO         6539    i.gc_state_advance  fds.o
    0x00005d84   0x00005d84   0x0000002c   Code   RO         6540    i.gc_swap_erase     fds.o
    0x00005db0   0x00005db0   0x00000050   Code   RO         6541    i.gc_swap_pages     fds.o
    0x00005e00   0x00005e00   0x00000024   Code   RO         6542    i.gc_swap_promote   fds.o
    0x00005e24   0x00005e24   0x00000018   Code   RO         6543    i.gc_tag_new_swap   fds.o
    0x00005e3c   0x00005e3c   0x00000020   Code   RO         6544    i.gc_update_swap_offset  fds.o
    0x00005e5c   0x00005e5c   0x000000a4   Code   RO         4211    i.gcm_ble_evt_handler  gatt_cache_manager.o
    0x00005f00   0x00005f00   0x00000030   Code   RO         4212    i.gcm_im_evt_handler  gatt_cache_manager.o
    0x00005f30   0x00005f30   0x00000090   Code   RO         4216    i.gcm_pdb_evt_handler  gatt_cache_manager.o
    0x00005fc0   0x00005fc0   0x0000003c   Code   RO         4429    i.get_connection_by_conn_handle  id_manager.o
    0x00005ffc   0x00005ffc   0x00000034   Code   RO         4430    i.get_free_connection  id_manager.o
    0x00006030   0x00006030   0x0000001c   Code   RO            5    i.gpio_nfc_to_gpio_1  app_pin_configuration.o
    0x0000604c   0x0000604c   0x0000001c   Code   RO         4347    i.gscm_db_change_notification_done  gatts_cache_manager.o
    0x00006068   0x00006068   0x00000090   Code   RO         4350    i.gscm_local_db_cache_apply  gatts_cache_manager.o
    0x000060f8   0x000060f8   0x00000098   Code   RO         4351    i.gscm_local_db_cache_update  gatts_cache_manager.o
    0x00006190   0x00006190   0x0000001c   Code   RO         4352    i.gscm_pdb_evt_handler  gatts_cache_manager.o
    0x000061ac   0x000061ac   0x00000028   Code   RO         4353    i.gscm_service_changed_ind_needed  gatts_cache_manager.o
    0x000061d4   0x000061d4   0x00000048   Code   RO         4354    i.gscm_service_changed_ind_send  gatts_cache_manager.o
    0x0000621c   0x0000621c   0x0000002a   Code   RO         6545    i.header_check      fds.o
    0x00006246   0x00006246   0x00000016   Code   RO         6546    i.header_has_next   fds.o
    0x0000625c   0x0000625c   0x0000000e   Code   RO         6547    i.header_jump       fds.o
    0x0000626a   0x0000626a   0x0000004c   Code   RO         4431    i.im_address_resolve  id_manager.o
    0x000062b6   0x000062b6   0x00000002   PAD
    0x000062b8   0x000062b8   0x00000034   Code   RO         4432    i.im_ble_addr_get   id_manager.o
    0x000062ec   0x000062ec   0x000000d2   Code   RO         4433    i.im_ble_evt_handler  id_manager.o
    0x000063be   0x000063be   0x00000002   PAD
    0x000063c0   0x000063c0   0x00000030   Code   RO         4434    i.im_conn_handle_get  id_manager.o
    0x000063f0   0x000063f0   0x00000038   Code   RO         4436    i.im_find_duplicate_bonding_data  id_manager.o
    0x00006428   0x00006428   0x00000090   Code   RO         4440    i.im_is_duplicate_bonding_data  id_manager.o
    0x000064b8   0x000064b8   0x00000022   Code   RO         4441    i.im_master_id_is_valid  id_manager.o
    0x000064da   0x000064da   0x00000032   Code   RO         4442    i.im_master_ids_compare  id_manager.o
    0x0000650c   0x0000650c   0x00000010   Code   RO         4443    i.im_new_peer_id    id_manager.o
    0x0000651c   0x0000651c   0x0000002a   Code   RO         4444    i.im_peer_free      id_manager.o
    0x00006546   0x00006546   0x00000002   PAD
    0x00006548   0x00006548   0x00000028   Code   RO         4445    i.im_peer_id_get_by_conn_handle  id_manager.o
    0x00006570   0x00006570   0x00000040   Code   RO         4446    i.im_peer_id_get_by_master_id  id_manager.o
    0x000065b0   0x000065b0   0x0000003c   Code   RO         7548    i.init              nrf_fstorage_sd.o
    0x000065ec   0x000065ec   0x00000028   Code   RO            6    i.init_1V8          app_pin_configuration.o
    0x00006614   0x00006614   0x00000028   Code   RO            7    i.init_3V0          app_pin_configuration.o
    0x0000663c   0x0000663c   0x0000012c   Code   RO         6548    i.init_execute      fds.o
    0x00006768   0x00006768   0x000001cc   Code   RO          329    i.init_modules      app_startup.o
    0x00006934   0x00006934   0x00000048   Code   RO            8    i.init_ref_vtg_ads1292r  app_pin_configuration.o
    0x0000697c   0x0000697c   0x00000048   Code   RO            9    i.init_wireless_charging  app_pin_configuration.o
    0x000069c4   0x000069c4   0x0000002c   Code   RO         3818    i.instance_get      ble_conn_params.o
    0x000069f0   0x000069f0   0x0000006c   Code   RO         8061    i.invalid_packets_pushed_str_omit  nrf_log_frontend.o
    0x00006a5c   0x00006a5c   0x00000014   Code   RO         7549    i.is_busy           nrf_fstorage_sd.o
    0x00006a70   0x00006a70   0x00000072   Code   RO         3819    i.is_conn_params_ok  ble_conn_params.o
    0x00006ae2   0x00006ae2   0x00000018   Code   RO         4452    i.is_valid_irk      id_manager.o
    0x00006afa   0x00006afa   0x00000010   Code   RO         6549    i.is_word_aligned   fds.o
    0x00006b0a   0x00006b0a   0x00000002   PAD
    0x00006b0c   0x00006b0c   0x00000014   Code   RO          772    i.led_blue_off      led.o
    0x00006b20   0x00006b20   0x00000014   Code   RO          775    i.led_green_off     led.o
    0x00006b34   0x00006b34   0x00000014   Code   RO          776    i.led_green_on      led.o
    0x00006b48   0x00006b48   0x0000006c   Code   RO          778    i.led_init          led.o
    0x00006bb4   0x00006bb4   0x00000014   Code   RO          779    i.led_red_off       led.o
    0x00006bc8   0x00006bc8   0x00000014   Code   RO          780    i.led_red_on        led.o
    0x00006bdc   0x00006bdc   0x00000016   Code   RO         4628    i.link_init         nrf_ble_gatt.o
    0x00006bf2   0x00006bf2   0x00000002   PAD
    0x00006bf4   0x00006bf4   0x000000dc   Code   RO         5918    i.link_secure       security_manager.o
    0x00006cd0   0x00006cd0   0x0000003c   Code   RO         5745    i.link_secure_failure  security_dispatcher.o
    0x00006d0c   0x00006d0c   0x0000003c   Code   RO         5919    i.link_secure_pending_handle  security_manager.o
    0x00006d48   0x00006d48   0x00000016   Code   RO         5746    i.link_secure_peripheral  security_dispatcher.o
    0x00006d5e   0x00006d5e   0x00000002   PAD
    0x00006d60   0x00006d60   0x00000080   Code   RO         4218    i.local_db_apply_in_evt  gatt_cache_manager.o
    0x00006de0   0x00006de0   0x00000018   Code   RO         4219    i.local_db_update   gatt_cache_manager.o
    0x00006df8   0x00006df8   0x00000064   Code   RO         4220    i.local_db_update_in_evt  gatt_cache_manager.o
    0x00006e5c   0x00006e5c   0x00000034   Code   RO         5682    i.lock_by_mask      pm_mutex.o
    0x00006e90   0x00006e90   0x00000040   Code   RO          330    i.log_init          app_startup.o
    0x00006ed0   0x00006ed0   0x000000c8   Code   RO         8062    i.log_skip          nrf_log_frontend.o
    0x00006f98   0x00006f98   0x00000010   Code   RO          574    i.main              main.o
    0x00006fa8   0x00006fa8   0x0000006c   Code   RO         9354    i.malloc            mc_w.l(malloc.o)
    0x00007014   0x00007014   0x00000076   Code   RO         3543    i.manuf_specific_data_encode  ble_advdata.o
    0x0000708a   0x0000708a   0x000000ae   Code   RO         7683    i.memobj_op         nrf_memobj.o
    0x00007138   0x00007138   0x000000be   Code   RO         3544    i.name_encode       ble_advdata.o
    0x000071f6   0x000071f6   0x00000002   PAD
    0x000071f8   0x000071f8   0x00000070   Code   RO         4453    i.new_connection    id_manager.o
    0x00007268   0x00007268   0x00000020   Code   RO         5920    i.new_context_get   security_manager.o
    0x00007288   0x00007288   0x00000034   Code   RO         5174    i.next_id_get       peer_id.o
    0x000072bc   0x000072bc   0x00000016   Code   RO         7052    i.nrf_atfifo_clear  nrf_atfifo.o
    0x000072d2   0x000072d2   0x00000028   Code   RO         7054    i.nrf_atfifo_init   nrf_atfifo.o
    0x000072fa   0x000072fa   0x0000001c   Code   RO         7055    i.nrf_atfifo_item_alloc  nrf_atfifo.o
    0x00007316   0x00007316   0x0000001c   Code   RO         7056    i.nrf_atfifo_item_free  nrf_atfifo.o
    0x00007332   0x00007332   0x0000001c   Code   RO         7057    i.nrf_atfifo_item_get  nrf_atfifo.o
    0x0000734e   0x0000734e   0x0000001c   Code   RO         7058    i.nrf_atfifo_item_put  nrf_atfifo.o
    0x0000736a   0x0000736a   0x0000001e   Code   RO         7123    i.nrf_atflags_clear  nrf_atflags.o
    0x00007388   0x00007388   0x0000001e   Code   RO         7128    i.nrf_atflags_get   nrf_atflags.o
    0x000073a6   0x000073a6   0x0000001e   Code   RO         7130    i.nrf_atflags_set   nrf_atflags.o
    0x000073c4   0x000073c4   0x0000000e   Code   RO         7191    i.nrf_atomic_flag_clear_fetch  nrf_atomic.o
    0x000073d2   0x000073d2   0x0000000e   Code   RO         7192    i.nrf_atomic_flag_set  nrf_atomic.o
    0x000073e0   0x000073e0   0x0000000e   Code   RO         7193    i.nrf_atomic_flag_set_fetch  nrf_atomic.o
    0x000073ee   0x000073ee   0x00000016   Code   RO         7194    i.nrf_atomic_u32_add  nrf_atomic.o
    0x00007404   0x00007404   0x00000016   Code   RO         7195    i.nrf_atomic_u32_and  nrf_atomic.o
    0x0000741a   0x0000741a   0x00000016   Code   RO         7197    i.nrf_atomic_u32_fetch_add  nrf_atomic.o
    0x00007430   0x00007430   0x00000016   Code   RO         7198    i.nrf_atomic_u32_fetch_and  nrf_atomic.o
    0x00007446   0x00007446   0x00000016   Code   RO         7199    i.nrf_atomic_u32_fetch_or  nrf_atomic.o
    0x0000745c   0x0000745c   0x00000016   Code   RO         7200    i.nrf_atomic_u32_fetch_store  nrf_atomic.o
    0x00007472   0x00007472   0x00000016   Code   RO         7204    i.nrf_atomic_u32_or  nrf_atomic.o
    0x00007488   0x00007488   0x00000016   Code   RO         7206    i.nrf_atomic_u32_sub  nrf_atomic.o
    0x0000749e   0x0000749e   0x00000052   Code   RO         7328    i.nrf_balloc_alloc  nrf_balloc.o
    0x000074f0   0x000074f0   0x00000010   Code   RO         7329    i.nrf_balloc_block2idx  nrf_balloc.o
    0x00007500   0x00007500   0x00000030   Code   RO         7330    i.nrf_balloc_free   nrf_balloc.o
    0x00007530   0x00007530   0x0000000c   Code   RO         7331    i.nrf_balloc_idx2block  nrf_balloc.o
    0x0000753c   0x0000753c   0x0000003c   Code   RO         7332    i.nrf_balloc_init   nrf_balloc.o
    0x00007578   0x00007578   0x0000001e   Code   RO         4630    i.nrf_ble_gatt_att_mtu_periph_set  nrf_ble_gatt.o
    0x00007596   0x00007596   0x00000034   Code   RO         4634    i.nrf_ble_gatt_init  nrf_ble_gatt.o
    0x000075ca   0x000075ca   0x00000002   PAD
    0x000075cc   0x000075cc   0x00000100   Code   RO         4635    i.nrf_ble_gatt_on_ble_evt  nrf_ble_gatt.o
    0x000076cc   0x000076cc   0x00000020   Code   RO         4746    i.nrf_ble_qwr_conn_handle_assign  nrf_ble_qwr.o
    0x000076ec   0x000076ec   0x00000032   Code   RO         4747    i.nrf_ble_qwr_init  nrf_ble_qwr.o
    0x0000771e   0x0000771e   0x0000007c   Code   RO         4748    i.nrf_ble_qwr_on_ble_evt  nrf_ble_qwr.o
    0x0000779a   0x0000779a   0x00000002   PAD
    0x0000779c   0x0000779c   0x00000158   Code   RO         7459    i.nrf_fstorage_erase  nrf_fstorage.o
    0x000078f4   0x000078f4   0x00000054   Code   RO         7461    i.nrf_fstorage_is_busy  nrf_fstorage.o
    0x00007948   0x00007948   0x0000001c   Code   RO         7550    i.nrf_fstorage_sdh_req_handler  nrf_fstorage_sd.o
    0x00007964   0x00007964   0x0000002c   Code   RO         7551    i.nrf_fstorage_sdh_state_handler  nrf_fstorage_sd.o
    0x00007990   0x00007990   0x0000008c   Code   RO         7552    i.nrf_fstorage_sys_evt_handler  nrf_fstorage_sd.o
    0x00007a1c   0x00007a1c   0x00000240   Code   RO         7466    i.nrf_fstorage_write  nrf_fstorage.o
    0x00007c5c   0x00007c5c   0x00000300   Code   RO         8067    i.nrf_log_frontend_dequeue  nrf_log_frontend.o
    0x00007f5c   0x00007f5c   0x00000014   Code   RO         8069    i.nrf_log_frontend_std_0  nrf_log_frontend.o
    0x00007f70   0x00007f70   0x00000018   Code   RO         8070    i.nrf_log_frontend_std_1  nrf_log_frontend.o
    0x00007f88   0x00007f88   0x00000020   Code   RO         8071    i.nrf_log_frontend_std_2  nrf_log_frontend.o
    0x00007fa8   0x00007fa8   0x00000028   Code   RO         8072    i.nrf_log_frontend_std_3  nrf_log_frontend.o
    0x00007fd0   0x00007fd0   0x0000002c   Code   RO         8073    i.nrf_log_frontend_std_4  nrf_log_frontend.o
    0x00007ffc   0x00007ffc   0x00000038   Code   RO         8074    i.nrf_log_frontend_std_5  nrf_log_frontend.o
    0x00008034   0x00008034   0x00000068   Code   RO         8076    i.nrf_log_init      nrf_log_frontend.o
    0x0000809c   0x0000809c   0x00000034   Code   RO         8082    i.nrf_log_panic     nrf_log_frontend.o
    0x000080d0   0x000080d0   0x0000007a   Code   RO         7684    i.nrf_memobj_alloc  nrf_memobj.o
    0x0000814a   0x0000814a   0x00000040   Code   RO         7685    i.nrf_memobj_free   nrf_memobj.o
    0x0000818a   0x0000818a   0x00000010   Code   RO         7686    i.nrf_memobj_get    nrf_memobj.o
    0x0000819a   0x0000819a   0x0000000c   Code   RO         7687    i.nrf_memobj_pool_init  nrf_memobj.o
    0x000081a6   0x000081a6   0x0000001e   Code   RO         7688    i.nrf_memobj_put    nrf_memobj.o
    0x000081c4   0x000081c4   0x0000001c   Code   RO         7690    i.nrf_memobj_write  nrf_memobj.o
    0x000081e0   0x000081e0   0x00000038   Code   RO         2018    i.nrf_qwr_error_handler  app_helper.o
    0x00008218   0x00008218   0x0000000e   Code   RO         3412    i.nrf_rtc_event_clear  port_cmsis_systick.o
    0x00008226   0x00008226   0x00000006   Code   RO         3413    i.nrf_rtc_int_disable  port_cmsis_systick.o
    0x0000822c   0x0000822c   0x00000006   Code   RO         3414    i.nrf_rtc_int_enable  port_cmsis_systick.o
    0x00008232   0x00008232   0x00000006   Code   RO         3415    i.nrf_rtc_task_trigger  port_cmsis_systick.o
    0x00008238   0x00008238   0x00000018   Code   RO         6235    i.nrf_sdh_ble_app_ram_start_get  nrf_sdh_ble.o
    0x00008250   0x00008250   0x000000c0   Code   RO         6236    i.nrf_sdh_ble_default_cfg_set  nrf_sdh_ble.o
    0x00008310   0x00008310   0x00000024   Code   RO         6237    i.nrf_sdh_ble_enable  nrf_sdh_ble.o
    0x00008334   0x00008334   0x000000a0   Code   RO         6238    i.nrf_sdh_ble_evts_poll  nrf_sdh_ble.o
    0x000083d4   0x000083d4   0x00000064   Code   RO         6070    i.nrf_sdh_disable_request  nrf_sdh.o
    0x00008438   0x00008438   0x00000088   Code   RO         6071    i.nrf_sdh_enable_request  nrf_sdh.o
    0x000084c0   0x000084c0   0x00000030   Code   RO         6072    i.nrf_sdh_evts_poll  nrf_sdh.o
    0x000084f0   0x000084f0   0x000000a4   Code   RO         6291    i.nrf_sdh_freertos_init  nrf_sdh_freertos.o
    0x00008594   0x00008594   0x0000000c   Code   RO         6073    i.nrf_sdh_is_enabled  nrf_sdh.o
    0x000085a0   0x000085a0   0x00000028   Code   RO         6075    i.nrf_sdh_request_continue  nrf_sdh.o
    0x000085c8   0x000085c8   0x0000007c   Code   RO         6334    i.nrf_sdh_soc_evts_poll  nrf_sdh_soc.o
    0x00008644   0x00008644   0x00000006   Code   RO         6078    i.nrf_section_iter_get  nrf_sdh.o
    0x0000864a   0x0000864a   0x00000014   Code   RO         7819    i.nrf_section_iter_init  nrf_section_iter.o
    0x0000865e   0x0000865e   0x0000002e   Code   RO         7820    i.nrf_section_iter_item_set  nrf_section_iter.o
    0x0000868c   0x0000868c   0x0000002e   Code   RO         7821    i.nrf_section_iter_next  nrf_section_iter.o
    0x000086ba   0x000086ba   0x00000002   PAD
    0x000086bc   0x000086bc   0x00000040   Code   RO         7854    i.nrf_strerror_find  nrf_strerror.o
    0x000086fc   0x000086fc   0x0000001c   Code   RO         7855    i.nrf_strerror_get  nrf_strerror.o
    0x00008718   0x00008718   0x00000050   Code   RO         2019    i.on_adv_evt        app_helper.o
    0x00008768   0x00008768   0x00000054   Code   RO         2020    i.on_conn_params_evt  app_helper.o
    0x000087bc   0x000087bc   0x00000030   Code   RO         3820    i.on_conn_params_update  ble_conn_params.o
    0x000087ec   0x000087ec   0x00000074   Code   RO         1812    i.on_connect        app_acc_service.o
    0x00008860   0x00008860   0x00000074   Code   RO         1937    i.on_connect        app_dts_service.o
    0x000088d4   0x000088d4   0x00000070   Code   RO         3821    i.on_connect        ble_conn_params.o
    0x00008944   0x00008944   0x0000000e   Code   RO         3673    i.on_connected      ble_advertising.o
    0x00008952   0x00008952   0x00000002   PAD
    0x00008954   0x00008954   0x000000bc   Code   RO         4636    i.on_connected_evt  nrf_ble_gatt.o
    0x00008a10   0x00008a10   0x00000054   Code   RO         4637    i.on_data_length_update_evt  nrf_ble_gatt.o
    0x00008a64   0x00008a64   0x00000030   Code   RO         4638    i.on_data_length_update_request_evt  nrf_ble_gatt.o
    0x00008a94   0x00008a94   0x00000032   Code   RO         3822    i.on_disconnect     ble_conn_params.o
    0x00008ac6   0x00008ac6   0x00000032   Code   RO         3674    i.on_disconnected   ble_advertising.o
    0x00008af8   0x00008af8   0x00000014   Code   RO         4639    i.on_disconnected_evt  nrf_ble_gatt.o
    0x00008b0c   0x00008b0c   0x000000c0   Code   RO         4640    i.on_exchange_mtu_request_evt  nrf_ble_gatt.o
    0x00008bcc   0x00008bcc   0x00000064   Code   RO         4641    i.on_exchange_mtu_rsp_evt  nrf_ble_gatt.o
    0x00008c30   0x00008c30   0x00000044   Code   RO         1813    i.on_hvx_tx_complete  app_acc_service.o
    0x00008c74   0x00008c74   0x00000044   Code   RO         1938    i.on_hvx_tx_complete  app_dts_service.o
    0x00008cb8   0x00008cb8   0x00000024   Code   RO         7553    i.on_operation_failure  nrf_fstorage_sd.o
    0x00008cdc   0x00008cdc   0x00000060   Code   RO         7554    i.on_operation_success  nrf_fstorage_sd.o
    0x00008d3c   0x00008d3c   0x0000006a   Code   RO         4749    i.on_rw_authorize_request  nrf_ble_qwr.o
    0x00008da6   0x00008da6   0x00000040   Code   RO         3675    i.on_terminated     ble_advertising.o
    0x00008de6   0x00008de6   0x00000002   Code   RO         4750    i.on_user_mem_release  nrf_ble_qwr.o
    0x00008de8   0x00008de8   0x00000020   Code   RO         4751    i.on_user_mem_request  nrf_ble_qwr.o
    0x00008e08   0x00008e08   0x00000094   Code   RO         1814    i.on_write          app_acc_service.o
    0x00008e9c   0x00008e9c   0x00000094   Code   RO         1939    i.on_write          app_dts_service.o
    0x00008f30   0x00008f30   0x00000058   Code   RO         3823    i.on_write          ble_conn_params.o
    0x00008f88   0x00008f88   0x00000044   Code   RO         6550    i.page_from_record  fds.o
    0x00008fcc   0x00008fcc   0x00000034   Code   RO         6551    i.page_has_space    fds.o
    0x00009000   0x00009000   0x0000001c   Code   RO         6554    i.page_offsets_update  fds.o
    0x0000901c   0x0000901c   0x00000020   Code   RO         6556    i.page_tag_write_data  fds.o
    0x0000903c   0x0000903c   0x00000024   Code   RO         6557    i.page_tag_write_swap  fds.o
    0x00009060   0x00009060   0x00000014   Code   RO         5747    i.pairing           security_dispatcher.o
    0x00009074   0x00009074   0x00000070   Code   RO         5748    i.pairing_failure   security_dispatcher.o
    0x000090e4   0x000090e4   0x00000010   Code   RO         5921    i.params_reply_pending_handle  security_manager.o
    0x000090f4   0x000090f4   0x0000002c   Code   RO         5922    i.params_req_send   security_manager.o
    0x00009120   0x00009120   0x00000020   Code   RO         4980    i.pdb_evt_send      peer_database.o
    0x00009140   0x00009140   0x0000000c   Code   RO         4983    i.pdb_next_deleted_peer_id_get  peer_database.o
    0x0000914c   0x0000914c   0x0000000c   Code   RO         4984    i.pdb_next_peer_id_get  peer_database.o
    0x00009158   0x00009158   0x0000006c   Code   RO         4985    i.pdb_pds_evt_handler  peer_database.o
    0x000091c4   0x000091c4   0x00000008   Code   RO         4986    i.pdb_peer_allocate  peer_database.o
    0x000091cc   0x000091cc   0x0000001c   Code   RO         4987    i.pdb_peer_data_load  peer_database.o
    0x000091e8   0x000091e8   0x00000016   Code   RO         4988    i.pdb_peer_data_ptr_get  peer_database.o
    0x000091fe   0x000091fe   0x00000058   Code   RO         4989    i.pdb_peer_free     peer_database.o
    0x00009256   0x00009256   0x00000016   Code   RO         4990    i.pdb_raw_store     peer_database.o
    0x0000926c   0x0000926c   0x000000d4   Code   RO         4991    i.pdb_write_buf_get  peer_database.o
    0x00009340   0x00009340   0x00000036   Code   RO         4992    i.pdb_write_buf_release  peer_database.o
    0x00009376   0x00009376   0x00000038   Code   RO         4993    i.pdb_write_buf_store  peer_database.o
    0x000093ae   0x000093ae   0x00000002   PAD
    0x000093b0   0x000093b0   0x00000078   Code   RO         4994    i.pdb_write_buf_store_prepare  peer_database.o
    0x00009428   0x00009428   0x00000024   Code   RO         4805    i.pds_evt_send      peer_data_storage.o
    0x0000944c   0x0000944c   0x0000000c   Code   RO         4807    i.pds_next_deleted_peer_id_get  peer_data_storage.o
    0x00009458   0x00009458   0x0000000c   Code   RO         4808    i.pds_next_peer_id_get  peer_data_storage.o
    0x00009464   0x00009464   0x0000006c   Code   RO         4811    i.pds_peer_data_iterate  peer_data_storage.o
    0x000094d0   0x000094d0   0x00000010   Code   RO         4812    i.pds_peer_data_iterate_prepare  peer_data_storage.o
    0x000094e0   0x000094e0   0x0000008a   Code   RO         4813    i.pds_peer_data_read  peer_data_storage.o
    0x0000956a   0x0000956a   0x000000b2   Code   RO         4814    i.pds_peer_data_store  peer_data_storage.o
    0x0000961c   0x0000961c   0x0000000c   Code   RO         4815    i.pds_peer_id_allocate  peer_data_storage.o
    0x00009628   0x00009628   0x0000001e   Code   RO         4816    i.pds_peer_id_free  peer_data_storage.o
    0x00009646   0x00009646   0x0000000c   Code   RO         4817    i.pds_peer_id_is_allocated  peer_data_storage.o
    0x00009652   0x00009652   0x0000003c   Code   RO         4818    i.pds_space_reserve  peer_data_storage.o
    0x0000968e   0x0000968e   0x00000014   Code   RO         4819    i.pds_space_reserve_cancel  peer_data_storage.o
    0x000096a2   0x000096a2   0x00000002   PAD
    0x000096a4   0x000096a4   0x00000014   Code   RO         5749    i.peer_created      security_dispatcher.o
    0x000096b8   0x000096b8   0x0000001c   Code   RO         4995    i.peer_data_const_point_to_buffer  peer_database.o
    0x000096d4   0x000096d4   0x0000007c   Code   RO         4820    i.peer_data_delete_process  peer_data_storage.o
    0x00009750   0x00009750   0x00000040   Code   RO         4821    i.peer_data_find    peer_data_storage.o
    0x00009790   0x00009790   0x00000022   Code   RO         4822    i.peer_data_id_is_valid  peer_data_storage.o
    0x000097b2   0x000097b2   0x0000000a   Code   RO         4823    i.peer_data_id_to_record_key  peer_data_storage.o
    0x000097bc   0x000097bc   0x0000001a   Code   RO         4996    i.peer_data_point_to_buffer  peer_database.o
    0x000097d6   0x000097d6   0x00000002   PAD
    0x000097d8   0x000097d8   0x00000014   Code   RO         5175    i.peer_id_allocate  peer_id.o
    0x000097ec   0x000097ec   0x0000002c   Code   RO         5176    i.peer_id_delete    peer_id.o
    0x00009818   0x00009818   0x0000001c   Code   RO         5177    i.peer_id_free      peer_id.o
    0x00009834   0x00009834   0x00000014   Code   RO         5178    i.peer_id_get_next_deleted  peer_id.o
    0x00009848   0x00009848   0x00000038   Code   RO         5179    i.peer_id_get_next_used  peer_id.o
    0x00009880   0x00009880   0x0000001c   Code   RO         5181    i.peer_id_is_allocated  peer_id.o
    0x0000989c   0x0000989c   0x0000001c   Code   RO         5182    i.peer_id_is_deleted  peer_id.o
    0x000098b8   0x000098b8   0x00000024   Code   RO         4454    i.peer_id_set       id_manager.o
    0x000098dc   0x000098dc   0x0000000a   Code   RO         4824    i.peer_id_to_file_id  peer_data_storage.o
    0x000098e6   0x000098e6   0x00000016   Code   RO         3676    i.phy_is_valid      ble_advertising.o
    0x000098fc   0x000098fc   0x00000062   Code   RO         5558    i.pm_buffer_block_acquire  pm_buffer.o
    0x0000995e   0x0000995e   0x00000030   Code   RO         5560    i.pm_buffer_ptr_get  pm_buffer.o
    0x0000998e   0x0000998e   0x00000028   Code   RO         5561    i.pm_buffer_release  pm_buffer.o
    0x000099b6   0x000099b6   0x0000000c   Code   RO         5277    i.pm_gcm_evt_handler  peer_manager.o
    0x000099c2   0x000099c2   0x0000000c   Code   RO         5280    i.pm_im_evt_handler  peer_manager.o
    0x000099ce   0x000099ce   0x00000020   Code   RO         5684    i.pm_mutex_lock     pm_mutex.o
    0x000099ee   0x000099ee   0x00000030   Code   RO         5685    i.pm_mutex_lock_first_available  pm_mutex.o
    0x00009a1e   0x00009a1e   0x00000024   Code   RO         5686    i.pm_mutex_lock_status_get  pm_mutex.o
    0x00009a42   0x00009a42   0x00000038   Code   RO         5687    i.pm_mutex_unlock   pm_mutex.o
    0x00009a7a   0x00009a7a   0x00000002   PAD
    0x00009a7c   0x00009a7c   0x0000017c   Code   RO         5285    i.pm_pdb_evt_handler  peer_manager.o
    0x00009bf8   0x00009bf8   0x000000d8   Code   RO         5300    i.pm_peer_ranks_get  peer_manager.o
    0x00009cd0   0x00009cd0   0x00000016   Code   RO         5306    i.pm_sm_evt_handler  peer_manager.o
    0x00009ce6   0x00009ce6   0x00000002   PAD
    0x00009ce8   0x00009ce8   0x00000098   Code   RO         2784    i.prvAddCurrentTaskToDelayedList  tasks.o
    0x00009d80   0x00009d80   0x000000f4   Code   RO         2785    i.prvAddNewTaskToReadyList  tasks.o
    0x00009e74   0x00009e74   0x00000064   Code   RO         3153    i.prvCheckForValidListAndQueue  timers.o
    0x00009ed8   0x00009ed8   0x00000048   Code   RO         2786    i.prvCheckTasksWaitingTermination  tasks.o
    0x00009f20   0x00009f20   0x0000002a   Code   RO         2416    i.prvCopyDataFromQueue  queue.o
    0x00009f4a   0x00009f4a   0x0000007c   Code   RO         2417    i.prvCopyDataToQueue  queue.o
    0x00009fc6   0x00009fc6   0x00000012   Code   RO         2787    i.prvDeleteTCB      tasks.o
    0x00009fd8   0x00009fd8   0x0000004c   Code   RO         2788    i.prvGetExpectedIdleTime  tasks.o
    0x0000a024   0x0000a024   0x00000028   Code   RO         3154    i.prvGetNextExpireTime  timers.o
    0x0000a04c   0x0000a04c   0x0000006c   Code   RO         2789    i.prvIdleTask       tasks.o
    0x0000a0b8   0x0000a0b8   0x00000032   Code   RO         2420    i.prvInitialiseNewQueue  queue.o
    0x0000a0ea   0x0000a0ea   0x00000090   Code   RO         2790    i.prvInitialiseNewTask  tasks.o
    0x0000a17a   0x0000a17a   0x0000002e   Code   RO         3155    i.prvInitialiseNewTimer  timers.o
    0x0000a1a8   0x0000a1a8   0x00000068   Code   RO         2791    i.prvInitialiseTaskLists  tasks.o
    0x0000a210   0x0000a210   0x00000058   Code   RO         3156    i.prvInsertTimerInActiveList  timers.o
    0x0000a268   0x0000a268   0x0000001a   Code   RO         2421    i.prvIsQueueEmpty   queue.o
    0x0000a282   0x0000a282   0x0000001e   Code   RO         2422    i.prvIsQueueFull    queue.o
    0x0000a2a0   0x0000a2a0   0x0000004c   Code   RO         3157    i.prvProcessExpiredTimer  timers.o
    0x0000a2ec   0x0000a2ec   0x000000cc   Code   RO         3158    i.prvProcessReceivedCommands  timers.o
    0x0000a3b8   0x0000a3b8   0x00000090   Code   RO         3159    i.prvProcessTimerOrBlockTask  timers.o
    0x0000a448   0x0000a448   0x00000034   Code   RO         2792    i.prvResetNextTaskUnblockTime  tasks.o
    0x0000a47c   0x0000a47c   0x0000002c   Code   RO         3160    i.prvSampleTimeNow  timers.o
    0x0000a4a8   0x0000a4a8   0x00000084   Code   RO         3161    i.prvSwitchTimerLists  timers.o
    0x0000a52c   0x0000a52c   0x00000016   Code   RO         2793    i.prvTaskCheckFreeStackSpace  tasks.o
    0x0000a542   0x0000a542   0x0000000a   Code   RO         3341    i.prvTaskExitError  port_cmsis.o
    0x0000a54c   0x0000a54c   0x00000040   Code   RO         2794    i.prvTaskIsTaskSuspended  tasks.o
    0x0000a58c   0x0000a58c   0x0000001a   Code   RO         3162    i.prvTimerTask      timers.o
    0x0000a5a6   0x0000a5a6   0x0000007e   Code   RO         2423    i.prvUnlockQueue    queue.o
    0x0000a624   0x0000a624   0x00000070   Code   RO         3295    i.pvPortMalloc      heap_1.o
    0x0000a694   0x0000a694   0x00000014   Code   RO         3163    i.pvTimerGetTimerID  timers.o
    0x0000a6a8   0x0000a6a8   0x00000034   Code   RO         3342    i.pxPortInitialiseStack  port_cmsis.o
    0x0000a6dc   0x0000a6dc   0x00000020   Code   RO         6559    i.queue_buf_get     fds.o
    0x0000a6fc   0x0000a6fc   0x00000014   Code   RO         6560    i.queue_buf_store   fds.o
    0x0000a710   0x0000a710   0x00000014   Code   RO         6561    i.queue_free        fds.o
    0x0000a724   0x0000a724   0x00000018   Code   RO         7555    i.queue_free        nrf_fstorage_sd.o
    0x0000a73c   0x0000a73c   0x00000018   Code   RO         6562    i.queue_has_next    fds.o
    0x0000a754   0x0000a754   0x00000014   Code   RO         6564    i.queue_load        fds.o
    0x0000a768   0x0000a768   0x0000002c   Code   RO         7556    i.queue_load_next   nrf_fstorage_sd.o
    0x0000a794   0x0000a794   0x000000c0   Code   RO         6565    i.queue_process     fds.o
    0x0000a854   0x0000a854   0x00000090   Code   RO         7557    i.queue_process     nrf_fstorage_sd.o
    0x0000a8e4   0x0000a8e4   0x00000018   Code   RO         6566    i.queue_start       fds.o
    0x0000a8fc   0x0000a8fc   0x0000001c   Code   RO         7558    i.queue_start       nrf_fstorage_sd.o
    0x0000a918   0x0000a918   0x00000030   Code   RO         5310    i.rank_vars_update  peer_manager.o
    0x0000a948   0x0000a948   0x0000001c   Code   RO         7559    i.read              nrf_fstorage_sd.o
    0x0000a964   0x0000a964   0x00000064   Code   RO         4997    i.reattempt_previous_operations  peer_database.o
    0x0000a9c8   0x0000a9c8   0x00000028   Code   RO         3931    i.record_activate   ble_conn_state.o
    0x0000a9f0   0x0000a9f0   0x0000008c   Code   RO         6567    i.record_find       fds.o
    0x0000aa7c   0x0000aa7c   0x0000003a   Code   RO         6568    i.record_find_and_delete  fds.o
    0x0000aab6   0x0000aab6   0x00000002   PAD
    0x0000aab8   0x0000aab8   0x0000007c   Code   RO         6569    i.record_find_by_desc  fds.o
    0x0000ab34   0x0000ab34   0x00000078   Code   RO         6570    i.record_find_next  fds.o
    0x0000abac   0x0000abac   0x0000003c   Code   RO         6571    i.record_header_flag_dirty  fds.o
    0x0000abe8   0x0000abe8   0x0000002c   Code   RO         6572    i.record_header_write_begin  fds.o
    0x0000ac14   0x0000ac14   0x00000038   Code   RO         6573    i.record_header_write_finalize  fds.o
    0x0000ac4c   0x0000ac4c   0x00000038   Code   RO         6574    i.record_header_write_id  fds.o
    0x0000ac84   0x0000ac84   0x00000010   Code   RO         6575    i.record_id_new     fds.o
    0x0000ac94   0x0000ac94   0x00000020   Code   RO         3932    i.record_invalidate  ble_conn_state.o
    0x0000acb4   0x0000acb4   0x00000048   Code   RO         3933    i.record_purge_disconnected  ble_conn_state.o
    0x0000acfc   0x0000acfc   0x00000014   Code   RO         3934    i.record_set_disconnected  ble_conn_state.o
    0x0000ad10   0x0000ad10   0x00000030   Code   RO         6576    i.record_write_data  fds.o
    0x0000ad40   0x0000ad40   0x00000014   Code   RO         5184    i.release           peer_id.o
    0x0000ad54   0x0000ad54   0x00000006   Code   RO         7560    i.rmap              nrf_fstorage_sd.o
    0x0000ad5a   0x0000ad5a   0x000000ee   Code   RO         1940    i.rx_char_add       app_dts_service.o
    0x0000ae48   0x0000ae48   0x00000020   Code   RO         4221    i.sc_send_pending_handle  gatt_cache_manager.o
    0x0000ae68   0x0000ae68   0x0000007c   Code   RO         6079    i.sd_nvic_DisableIRQ  nrf_sdh.o
    0x0000aee4   0x0000aee4   0x0000008c   Code   RO         6080    i.sd_nvic_EnableIRQ  nrf_sdh.o
    0x0000af70   0x0000af70   0x00000050   Code   RO         6081    i.sd_nvic_SetPriority  nrf_sdh.o
    0x0000afc0   0x0000afc0   0x00000068   Code   RO         3416    i.sd_nvic_critical_region_enter  port_cmsis_systick.o
    0x0000b028   0x0000b028   0x00000068   Code   RO         5607    i.sd_nvic_critical_region_enter  app_util_platform.o
    0x0000b090   0x0000b090   0x0000003c   Code   RO         6082    i.sdh_request_observer_notify  nrf_sdh.o
    0x0000b0cc   0x0000b0cc   0x00000034   Code   RO         6083    i.sdh_state_observer_notify  nrf_sdh.o
    0x0000b100   0x0000b100   0x000000b4   Code   RO         5750    i.sec_info_request_process  security_dispatcher.o
    0x0000b1b4   0x0000b1b4   0x00000084   Code   RO         5751    i.sec_keyset_fill   security_dispatcher.o
    0x0000b238   0x0000b238   0x00000030   Code   RO         5752    i.sec_params_request_process  security_dispatcher.o
    0x0000b268   0x0000b268   0x0000003c   Code   RO         5753    i.sec_proc_housekeeping  security_dispatcher.o
    0x0000b2a4   0x0000b2a4   0x00000068   Code   RO         5754    i.sec_proc_start    security_dispatcher.o
    0x0000b30c   0x0000b30c   0x0000005c   Code   RO         5924    i.sec_req_process   security_manager.o
    0x0000b368   0x0000b368   0x00000028   Code   RO         5755    i.sec_start_send    security_dispatcher.o
    0x0000b390   0x0000b390   0x00000022   Code   RO         5756    i.send_config_req   security_dispatcher.o
    0x0000b3b2   0x0000b3b2   0x00000002   PAD
    0x0000b3b4   0x0000b3b4   0x00000024   Code   RO         2022    i.send_data_ble     app_helper.o
    0x0000b3d8   0x0000b3d8   0x00000018   Code   RO         3824    i.send_error_evt    ble_conn_params.o
    0x0000b3f0   0x0000b3f0   0x00000028   Code   RO         5757    i.send_params_req   security_dispatcher.o
    0x0000b418   0x0000b418   0x00000028   Code   RO         4222    i.send_unexpected_error  gatt_cache_manager.o
    0x0000b440   0x0000b440   0x00000028   Code   RO         4828    i.send_unexpected_error  peer_data_storage.o
    0x0000b468   0x0000b468   0x00000028   Code   RO         5758    i.send_unexpected_error  security_dispatcher.o
    0x0000b490   0x0000b490   0x00000024   Code   RO         3825    i.send_update_request  ble_conn_params.o
    0x0000b4b4   0x0000b4b4   0x00000018   Code   RO         4223    i.service_changed_pending_flags_check  gatt_cache_manager.o
    0x0000b4cc   0x0000b4cc   0x00000050   Code   RO         4356    i.service_changed_pending_set  gatts_cache_manager.o
    0x0000b51c   0x0000b51c   0x000000a4   Code   RO         4224    i.service_changed_send_in_evt  gatt_cache_manager.o
    0x0000b5c0   0x0000b5c0   0x00000096   Code   RO         3545    i.service_data_encode  ble_advdata.o
    0x0000b656   0x0000b656   0x00000002   PAD
    0x0000b658   0x0000b658   0x000000c0   Code   RO         2023    i.services_init     app_helper.o
    0x0000b718   0x0000b718   0x00000030   Code   RO         3677    i.set_adv_mode_directed  ble_advertising.o
    0x0000b748   0x0000b748   0x00000024   Code   RO         3678    i.set_adv_mode_directed_high_duty  ble_advertising.o
    0x0000b76c   0x0000b76c   0x0000005c   Code   RO         3679    i.set_adv_mode_fast  ble_advertising.o
    0x0000b7c8   0x0000b7c8   0x0000005c   Code   RO         3680    i.set_adv_mode_slow  ble_advertising.o
    0x0000b824   0x0000b824   0x00000020   Code   RO         5925    i.sm_ble_evt_handler  security_manager.o
    0x0000b844   0x0000b844   0x00000078   Code   RO         5930    i.sm_pdb_evt_handler  security_manager.o
    0x0000b8bc   0x0000b8bc   0x00000032   Code   RO         5933    i.sm_smd_evt_handler  security_manager.o
    0x0000b8ee   0x0000b8ee   0x0000004c   Code   RO         5759    i.smd_ble_evt_handler  security_dispatcher.o
    0x0000b93a   0x0000b93a   0x00000028   Code   RO         5762    i.smd_link_secure   security_dispatcher.o
    0x0000b962   0x0000b962   0x00000002   PAD
    0x0000b964   0x0000b964   0x00000108   Code   RO         5763    i.smd_params_reply  security_dispatcher.o
    0x0000ba6c   0x0000ba6c   0x00000040   Code   RO         5934    i.smd_params_reply_perform  security_manager.o
    0x0000baac   0x0000baac   0x00000044   Code   RO         6084    i.softdevice_evt_irq_disable  nrf_sdh.o
    0x0000baf0   0x0000baf0   0x00000024   Code   RO         6292    i.softdevice_task   nrf_sdh_freertos.o
    0x0000bb14   0x0000bb14   0x00000044   Code   RO         6085    i.softdevices_evt_irq_enable  nrf_sdh.o
    0x0000bb58   0x0000bb58   0x0000000e   Code   RO          854    i.spi_enable_ads1292r  spi.o
    0x0000bb66   0x0000bb66   0x00000002   PAD
    0x0000bb68   0x0000bb68   0x00000030   Code   RO          855    i.spi_init_ads1292r  spi.o
    0x0000bb98   0x0000bb98   0x00000018   Code   RO          856    i.spi_read_byte     spi.o
    0x0000bbb0   0x0000bbb0   0x00000018   Code   RO          857    i.spi_write_byte    spi.o
    0x0000bbc8   0x0000bbc8   0x00000064   Code   RO         8084    i.std_header_set    nrf_log_frontend.o
    0x0000bc2c   0x0000bc2c   0x00000070   Code   RO         8085    i.std_n             nrf_log_frontend.o
    0x0000bc9c   0x0000bc9c   0x00000064   Code   RO         6086    i.swi_interrupt_priority_workaround  nrf_sdh.o
    0x0000bd00   0x0000bd00   0x00000044   Code   RO         2024    i.timers_init       app_helper.o
    0x0000bd44   0x0000bd44   0x00000014   Code   RO           14    i.turnon_1V8        app_pin_configuration.o
    0x0000bd58   0x0000bd58   0x00000014   Code   RO           15    i.turnon_3V0        app_pin_configuration.o
    0x0000bd6c   0x0000bd6c   0x00000020   Code   RO           16    i.turnon_ref_vtg_ads1292r  app_pin_configuration.o
    0x0000bd8c   0x0000bd8c   0x00000024   Code   RO           17    i.turnon_wireless_charging  app_pin_configuration.o
    0x0000bdb0   0x0000bdb0   0x0000002c   Code   RO          901    i.twim_init         twim.o
    0x0000bddc   0x0000bddc   0x0000001c   Code   RO          902    i.twim_read_data    twim.o
    0x0000bdf8   0x0000bdf8   0x0000001c   Code   RO          904    i.twim_write_data   twim.o
    0x0000be14   0x0000be14   0x00000134   Code   RO         1815    i.tx_char_add       app_acc_service.o
    0x0000bf48   0x0000bf48   0x00000134   Code   RO         1941    i.tx_char_add       app_dts_service.o
    0x0000c07c   0x0000c07c   0x00000036   Code   RO         3546    i.tx_power_level_encode  ble_advdata.o
    0x0000c0b2   0x0000c0b2   0x0000000c   Code   RO         4146    i.uint16_decode     ble_srv_common.o
    0x0000c0be   0x0000c0be   0x0000000c   Code   RO         3547    i.uint16_encode     ble_advdata.o
    0x0000c0ca   0x0000c0ca   0x00000014   Code   RO         2424    i.ulPortRaiseBASEPRI  queue.o
    0x0000c0de   0x0000c0de   0x00000014   Code   RO         2796    i.ulPortRaiseBASEPRI  tasks.o
    0x0000c0f2   0x0000c0f2   0x00000002   PAD
    0x0000c0f4   0x0000c0f4   0x00000024   Code   RO         7561    i.uninit            nrf_fstorage_sd.o
    0x0000c118   0x0000c118   0x00000018   Code   RO         4225    i.update_pending_flags_check  gatt_cache_manager.o
    0x0000c130   0x0000c130   0x00000074   Code   RO         3826    i.update_timeout_handler  ble_conn_params.o
    0x0000c1a4   0x0000c1a4   0x0000001e   Code   RO         3681    i.use_whitelist     ble_advertising.o
    0x0000c1c2   0x0000c1c2   0x00000002   PAD
    0x0000c1c4   0x0000c1c4   0x00000014   Code   RO         3935    i.user_flag_is_acquired  ble_conn_state.o
    0x0000c1d8   0x0000c1d8   0x0000002c   Code   RO         4752    i.user_mem_reply    nrf_ble_qwr.o
    0x0000c204   0x0000c204   0x0000004e   Code   RO         3548    i.uuid_list_encode  ble_advdata.o
    0x0000c252   0x0000c252   0x000000d6   Code   RO         3549    i.uuid_list_sized_encode  ble_advdata.o
    0x0000c328   0x0000c328   0x00000028   Code   RO         2363    i.uxListRemove      list.o
    0x0000c350   0x0000c350   0x00000028   Code   RO         2799    i.uxTaskGetStackHighWaterMark  tasks.o
    0x0000c378   0x0000c378   0x00000010   Code   RO          518    i.vApplicationIdleHook  app_tasks_list.o
    0x0000c388   0x0000c388   0x0000001a   Code   RO         2364    i.vListInitialise   list.o
    0x0000c3a2   0x0000c3a2   0x00000006   Code   RO         2365    i.vListInitialiseItem  list.o
    0x0000c3a8   0x0000c3a8   0x00000034   Code   RO         2366    i.vListInsert       list.o
    0x0000c3dc   0x0000c3dc   0x00000018   Code   RO         2367    i.vListInsertEnd    list.o
    0x0000c3f4   0x0000c3f4   0x00000014   Code   RO         3343    i.vPortEnableVFP    port_cmsis.o
    0x0000c408   0x0000c408   0x00000018   Code   RO         3345    i.vPortEnterCritical  port_cmsis.o
    0x0000c420   0x0000c420   0x00000020   Code   RO         3346    i.vPortExitCritical  port_cmsis.o
    0x0000c440   0x0000c440   0x00000002   Code   RO         3296    i.vPortFree         heap_1.o
    0x0000c442   0x0000c442   0x00000002   PAD
    0x0000c444   0x0000c444   0x0000007c   Code   RO         3417    i.vPortSetupTimerInterrupt  port_cmsis_systick.o
    0x0000c4c0   0x0000c4c0   0x000001b0   Code   RO         3418    i.vPortSuppressTicksAndSleep  port_cmsis_systick.o
    0x0000c670   0x0000c670   0x00000044   Code   RO         2428    i.vQueueAddToRegistry  queue.o
    0x0000c6b4   0x0000c6b4   0x0000004a   Code   RO         2431    i.vQueueWaitForMessageRestricted  queue.o
    0x0000c6fe   0x0000c6fe   0x00000002   PAD
    0x0000c700   0x0000c700   0x00000058   Code   RO         2803    i.vTaskDelay        tasks.o
    0x0000c758   0x0000c758   0x00000018   Code   RO         2807    i.vTaskInternalSetTimeOutState  tasks.o
    0x0000c770   0x0000c770   0x0000000c   Code   RO         2808    i.vTaskMissedYield  tasks.o
    0x0000c77c   0x0000c77c   0x00000020   Code   RO         2810    i.vTaskPlaceOnEventList  tasks.o
    0x0000c79c   0x0000c79c   0x00000030   Code   RO         2811    i.vTaskPlaceOnEventListRestricted  tasks.o
    0x0000c7cc   0x0000c7cc   0x000000b0   Code   RO         2816    i.vTaskResume       tasks.o
    0x0000c87c   0x0000c87c   0x00000064   Code   RO         2818    i.vTaskStartScheduler  tasks.o
    0x0000c8e0   0x0000c8e0   0x0000001c   Code   RO         2819    i.vTaskStepTick     tasks.o
    0x0000c8fc   0x0000c8fc   0x000000f8   Code   RO         2820    i.vTaskSuspend      tasks.o
    0x0000c9f4   0x0000c9f4   0x00000010   Code   RO         2821    i.vTaskSuspendAll   tasks.o
    0x0000ca04   0x0000ca04   0x00000080   Code   RO         2822    i.vTaskSwitchContext  tasks.o
    0x0000ca84   0x0000ca84   0x00000014   Code   RO           18    i.voltage_pins_init  app_pin_configuration.o
    0x0000ca98   0x0000ca98   0x00000008   Code   RO         3682    i.whitelist_has_entries  ble_advertising.o
    0x0000caa0   0x0000caa0   0x0000000c   Code   RO           19    i.wireless_charging_init  app_pin_configuration.o
    0x0000caac   0x0000caac   0x00000006   Code   RO         7562    i.wmap              nrf_fstorage_sd.o
    0x0000cab2   0x0000cab2   0x00000002   PAD
    0x0000cab4   0x0000cab4   0x00000054   Code   RO         7563    i.write             nrf_fstorage_sd.o
    0x0000cb08   0x0000cb08   0x00000038   Code   RO         4998    i.write_buf_length_words_set  peer_database.o
    0x0000cb40   0x0000cb40   0x000000b0   Code   RO         4999    i.write_buf_store   peer_database.o
    0x0000cbf0   0x0000cbf0   0x00000042   Code   RO         5000    i.write_buf_store_in_event  peer_database.o
    0x0000cc32   0x0000cc32   0x00000024   Code   RO         5001    i.write_buffer_record_acquire  peer_database.o
    0x0000cc56   0x0000cc56   0x0000004c   Code   RO         5002    i.write_buffer_record_find  peer_database.o
    0x0000cca2   0x0000cca2   0x00000002   PAD
    0x0000cca4   0x0000cca4   0x0000002c   Code   RO         5003    i.write_buffer_record_find_next  peer_database.o
    0x0000ccd0   0x0000ccd0   0x00000028   Code   RO         5004    i.write_buffer_record_find_stored  peer_database.o
    0x0000ccf8   0x0000ccf8   0x0000000e   Code   RO         5005    i.write_buffer_record_find_unused  peer_database.o
    0x0000cd06   0x0000cd06   0x00000026   Code   RO         5006    i.write_buffer_record_invalidate  peer_database.o
    0x0000cd2c   0x0000cd2c   0x00000028   Code   RO         5007    i.write_buffer_record_release  peer_database.o
    0x0000cd54   0x0000cd54   0x000000e0   Code   RO         6578    i.write_enqueue     fds.o
    0x0000ce34   0x0000ce34   0x000000c4   Code   RO         6579    i.write_execute     fds.o
    0x0000cef8   0x0000cef8   0x00000058   Code   RO         7564    i.write_execute     nrf_fstorage_sd.o
    0x0000cf50   0x0000cf50   0x00000024   Code   RO         6580    i.write_space_free  fds.o
    0x0000cf74   0x0000cf74   0x00000078   Code   RO         6581    i.write_space_reserve  fds.o
    0x0000cfec   0x0000cfec   0x00000068   Code   RO         3347    i.xPortStartScheduler  port_cmsis.o
    0x0000d054   0x0000d054   0x00000038   Code   RO         2434    i.xQueueGenericCreate  queue.o
    0x0000d08c   0x0000d08c   0x0000009c   Code   RO         2435    i.xQueueGenericReset  queue.o
    0x0000d128   0x0000d128   0x000001b4   Code   RO         2436    i.xQueueGenericSend  queue.o
    0x0000d2dc   0x0000d2dc   0x00000096   Code   RO         2437    i.xQueueGenericSendFromISR  queue.o
    0x0000d372   0x0000d372   0x00000002   PAD
    0x0000d374   0x0000d374   0x000001a4   Code   RO         2444    i.xQueueReceive     queue.o
    0x0000d518   0x0000d518   0x0000005c   Code   RO         2823    i.xTaskCheckForTimeOut  tasks.o
    0x0000d574   0x0000d574   0x00000060   Code   RO         2824    i.xTaskCreate       tasks.o
    0x0000d5d4   0x0000d5d4   0x00000020   Code   RO         2829    i.xTaskGetSchedulerState  tasks.o
    0x0000d5f4   0x0000d5f4   0x0000000c   Code   RO         2830    i.xTaskGetTickCount  tasks.o
    0x0000d600   0x0000d600   0x0000000c   Code   RO         2831    i.xTaskGetTickCountFromISR  tasks.o
    0x0000d60c   0x0000d60c   0x0000010c   Code   RO         2832    i.xTaskIncrementTick  tasks.o
    0x0000d718   0x0000d718   0x00000094   Code   RO         2835    i.xTaskPriorityDisinherit  tasks.o
    0x0000d7ac   0x0000d7ac   0x0000008c   Code   RO         2837    i.xTaskRemoveFromEventList  tasks.o
    0x0000d838   0x0000d838   0x0000010c   Code   RO         2838    i.xTaskResumeAll    tasks.o
    0x0000d944   0x0000d944   0x00000098   Code   RO         2839    i.xTaskResumeFromISR  tasks.o
    0x0000d9dc   0x0000d9dc   0x00000030   Code   RO         3165    i.xTimerCreate      timers.o
    0x0000da0c   0x0000da0c   0x0000003c   Code   RO         3166    i.xTimerCreateTimerTask  timers.o
    0x0000da48   0x0000da48   0x0000006c   Code   RO         3167    i.xTimerGenericCommand  timers.o
    0x0000dab4   0x0000dab4   0x00000020   Code   RO         3171    i.xTimerIsTimerActive  timers.o
    0x0000dad4   0x0000dad4   0x00000010   Data   RO         1816    .constdata          app_acc_service.o
    0x0000dae4   0x0000dae4   0x00000010   Data   RO         1942    .constdata          app_dts_service.o
    0x0000daf4   0x0000daf4   0x00000004   Data   RO         3348    .constdata          port_cmsis.o
    0x0000daf8   0x0000daf8   0x00000050   Data   RO         4226    .constdata          gatt_cache_manager.o
    0x0000db48   0x0000db48   0x00000018   Data   RO         4357    .constdata          gatts_cache_manager.o
    0x0000db60   0x0000db60   0x00000008   Data   RO         4457    .constdata          id_manager.o
    0x0000db68   0x0000db68   0x00000016   Data   RO         4642    .constdata          nrf_ble_gatt.o
    0x0000db7e   0x0000db7e   0x00000002   PAD
    0x0000db80   0x0000db80   0x00000018   Data   RO         4829    .constdata          peer_data_storage.o
    0x0000db98   0x0000db98   0x00000010   Data   RO         5009    .constdata          peer_database.o
    0x0000dba8   0x0000dba8   0x00000010   Data   RO         5312    .constdata          peer_manager.o
    0x0000dbb8   0x0000dbb8   0x00000054   Data   RO         5765    .constdata          security_dispatcher.o
    0x0000dc0c   0x0000dc0c   0x00000004   Data   RO         5935    .constdata          security_manager.o
    0x0000dc10   0x0000dc10   0x00000058   Data   RO         6087    .constdata          nrf_sdh.o
    0x0000dc68   0x0000dc68   0x00000030   Data   RO         6240    .constdata          nrf_sdh_ble.o
    0x0000dc98   0x0000dc98   0x0000001c   Data   RO         6335    .constdata          nrf_sdh_soc.o
    0x0000dcb4   0x0000dcb4   0x00000018   Data   RO         6583    .constdata          fds.o
    0x0000dccc   0x0000dccc   0x0000005e   Data   RO         7467    .constdata          nrf_fstorage.o
    0x0000dd2a   0x0000dd2a   0x00000002   PAD
    0x0000dd2c   0x0000dd2c   0x00000030   Data   RO         7566    .constdata          nrf_fstorage_sd.o
    0x0000dd5c   0x0000dd5c   0x0000013c   Data   RO         7856    .constdata          nrf_strerror.o
    0x0000de98   0x0000de98   0x0000001a   Data   RO         8738    .constdata          segger_sysview.o
    0x0000deb2   0x0000deb2   0x00000002   PAD
    0x0000deb4   0x0000deb4   0x00000008   Data   RO         9157    .constdata          segger_sysview_freertos.o
    0x0000debc   0x0000debc   0x000000a2   Data   RO         4643    .conststring        nrf_ble_gatt.o
    0x0000df5e   0x0000df5e   0x00000002   PAD
    0x0000df60   0x0000df60   0x00000515   Data   RO         6981    .conststring        hardfault_implementation.o
    0x0000e475   0x0000e475   0x00000003   PAD
    0x0000e478   0x0000e478   0x0000004f   Data   RO         7468    .conststring        nrf_fstorage.o
    0x0000e4c7   0x0000e4c7   0x00000001   PAD
    0x0000e4c8   0x0000e4c8   0x000003eb   Data   RO         7857    .conststring        nrf_strerror.o
    0x0000e8b3   0x0000e8b3   0x00000001   PAD
    0x0000e8b4   0x0000e8b4   0x00000050   Data   RO         9158    .conststring        segger_sysview_freertos.o
    0x0000e904   0x0000e904   0x0000000c   Data   RO         1817    .conststrlit        app_acc_service.o
    0x0000e910   0x0000e910   0x0000000c   Data   RO         1943    .conststrlit        app_dts_service.o
    0x0000e91c   0x0000e91c   0x0000000d   Data   RO         4644    .conststrlit        nrf_ble_gatt.o
    0x0000e929   0x0000e929   0x00000003   PAD
    0x0000e92c   0x0000e92c   0x00000008   Data   RO         6088    .conststrlit        nrf_sdh.o
    0x0000e934   0x0000e934   0x0000000c   Data   RO         6241    .conststrlit        nrf_sdh_ble.o
    0x0000e940   0x0000e940   0x00000011   Data   RO         6293    .conststrlit        nrf_sdh_freertos.o
    0x0000e951   0x0000e951   0x00000003   PAD
    0x0000e954   0x0000e954   0x0000000c   Data   RO         6336    .conststrlit        nrf_sdh_soc.o
    0x0000e960   0x0000e960   0x0000000f   Data   RO         6584    .conststrlit        fds.o
    0x0000e96f   0x0000e96f   0x00000001   PAD
    0x0000e970   0x0000e970   0x0000000a   Data   RO         6982    .conststrlit        hardfault_implementation.o
    0x0000e97a   0x0000e97a   0x00000002   PAD
    0x0000e97c   0x0000e97c   0x0000000d   Data   RO         7469    .conststrlit        nrf_fstorage.o
    0x0000e989   0x0000e989   0x00000003   PAD
    0x0000e98c   0x0000e98c   0x0000000e   Data   RO         7567    .conststrlit        nrf_fstorage_sd.o
    0x0000e99a   0x0000e99a   0x00000002   PAD
    0x0000e99c   0x0000e99c   0x00000009   Data   RO         7760    .conststrlit        nrf_pwr_mgmt.o
    0x0000e9a5   0x0000e9a5   0x00000003   PAD
    0x0000e9a8   0x0000e9a8   0x00000018   Data   RO         8087    .conststrlit        nrf_log_frontend.o
    0x0000e9c0   0x0000e9c0   0x00000020   Data   RO         9401    Region$$Table       anon$$obj.o
    0x0000e9e0   0x0000e9e0   0x00000008   Data   RO         1818    log_const_data      app_acc_service.o
    0x0000e9e8   0x0000e9e8   0x00000008   Data   RO         1944    log_const_data      app_dts_service.o
    0x0000e9f0   0x0000e9f0   0x00000008   Data   RO         4645    log_const_data      nrf_ble_gatt.o
    0x0000e9f8   0x0000e9f8   0x00000008   Data   RO         6090    log_const_data      nrf_sdh.o
    0x0000ea00   0x0000ea00   0x00000008   Data   RO         6243    log_const_data      nrf_sdh_ble.o
    0x0000ea08   0x0000ea08   0x00000008   Data   RO         6295    log_const_data      nrf_sdh_freertos.o
    0x0000ea10   0x0000ea10   0x00000008   Data   RO         6337    log_const_data      nrf_sdh_soc.o
    0x0000ea18   0x0000ea18   0x00000008   Data   RO         6587    log_const_data      fds.o
    0x0000ea20   0x0000ea20   0x00000008   Data   RO         6984    log_const_data      hardfault_implementation.o
    0x0000ea28   0x0000ea28   0x00000008   Data   RO         7470    log_const_data      nrf_fstorage.o
    0x0000ea30   0x0000ea30   0x00000008   Data   RO         7569    log_const_data      nrf_fstorage_sd.o
    0x0000ea38   0x0000ea38   0x00000008   Data   RO         7762    log_const_data      nrf_pwr_mgmt.o
    0x0000ea40   0x0000ea40   0x00000010   Data   RO         8089    log_const_data      nrf_log_frontend.o
    0x0000ea50   0x0000ea50   0x00000018   Data   RO         8091    nrf_balloc          nrf_log_frontend.o
    0x0000ea68   0x0000ea68   0x00000008   Data   RO         3937    sdh_ble_observers0  ble_conn_state.o
    0x0000ea70   0x0000ea70   0x00000010   Data   RO         2027    sdh_ble_observers1  app_helper.o
    0x0000ea80   0x0000ea80   0x00000008   Data   RO         3829    sdh_ble_observers1  ble_conn_params.o
    0x0000ea88   0x0000ea88   0x00000008   Data   RO         5314    sdh_ble_observers1  peer_manager.o
    0x0000ea90   0x0000ea90   0x00000018   Data   RO         2028    sdh_ble_observers2  app_helper.o
    0x0000eaa8   0x0000eaa8   0x00000008   Data   RO         2029    sdh_ble_observers3  app_helper.o
    0x0000eab0   0x0000eab0   0x00000008   Data   RO         7571    sdh_req_observers0  nrf_fstorage_sd.o
    0x0000eab8   0x0000eab8   0x00000008   Data   RO         7572    sdh_soc_observers0  nrf_fstorage_sd.o
    0x0000eac0   0x0000eac0   0x00000008   Data   RO         2030    sdh_soc_observers1  app_helper.o
    0x0000eac8   0x0000eac8   0x00000008   Data   RO         6245    sdh_stack_observers0  nrf_sdh_ble.o
    0x0000ead0   0x0000ead0   0x00000008   Data   RO         6339    sdh_stack_observers0  nrf_sdh_soc.o
    0x0000ead8   0x0000ead8   0x00000008   Data   RO         7573    sdh_state_observers0  nrf_fstorage_sd.o


    Execution Region RW_IRAM1 (Exec base: 0x20000000, Load base: 0x0000eae0, Size: 0x0000d8e0, Max: 0x00010000, ABSOLUTE, COMPRESSED[0x00000078])

    Exec Addr    Load Addr    Size         Type   Attr      Idx    E Section Name        Object

    0x20000000   COMPRESSED   0x00000004   Data   RW          163    .data               app_queues.o
    0x20000004   COMPRESSED   0x00000010   Data   RW          520    .data               app_tasks_list.o
    0x20000014   COMPRESSED   0x00000058   Data   RW         2026    .data               app_helper.o
    0x2000006c   COMPRESSED   0x0000003c   Data   RW         2841    .data               tasks.o
    0x200000a8   COMPRESSED   0x00000014   Data   RW         3175    .data               timers.o
    0x200000bc   COMPRESSED   0x00000008   Data   RW         3300    .data               heap_1.o
    0x200000c4   COMPRESSED   0x00000004   Data   RW         3349    .data               port_cmsis.o
    0x200000c8   COMPRESSED   0x00000008   Data   RW         3828    .data               ble_conn_params.o
    0x200000d0   COMPRESSED   0x0000000a   Data   RW         4227    .data               gatt_cache_manager.o
    0x200000da   COMPRESSED   0x00000006   Data   RW         4358    .data               gatts_cache_manager.o
    0x200000e0   COMPRESSED   0x00000003   Data   RW         4458    .data               id_manager.o
    0x200000e3   COMPRESSED   0x00000001   PAD
    0x200000e4   COMPRESSED   0x0000000c   Data   RW         4830    .data               peer_data_storage.o
    0x200000f0   COMPRESSED   0x00000003   Data   RW         5010    .data               peer_database.o
    0x200000f3   COMPRESSED   0x00000001   PAD
    0x200000f4   COMPRESSED   0x0000000f   Data   RW         5313    .data               peer_manager.o
    0x20000103   COMPRESSED   0x00000006   Data   RW         5766    .data               security_dispatcher.o
    0x20000109   COMPRESSED   0x00000003   PAD
    0x2000010c   COMPRESSED   0x0000001a   Data   RW         5936    .data               security_manager.o
    0x20000126   COMPRESSED   0x00000003   Data   RW         6089    .data               nrf_sdh.o
    0x20000129   COMPRESSED   0x00000001   Data   RW         6242    .data               nrf_sdh_ble.o
    0x2000012a   COMPRESSED   0x00000002   PAD
    0x2000012c   COMPRESSED   0x00000008   Data   RW         6294    .data               nrf_sdh_freertos.o
    0x20000134   COMPRESSED   0x00000044   Data   RW         6585    .data               fds.o
    0x20000178   COMPRESSED   0x00000068   Data   RW         6983    .data               hardfault_implementation.o
    0x200001e0   COMPRESSED   0x0000001c   Data   RW         7568    .data               nrf_fstorage_sd.o
    0x200001fc   COMPRESSED   0x00000010   Data   RW         8088    .data               nrf_log_frontend.o
    0x2000020c   COMPRESSED   0x0000000d   Data   RW         8739    .data               segger_sysview.o
    0x20000219   COMPRESSED   0x00000003   PAD
    0x2000021c   COMPRESSED   0x00000004   Data   RW         9159    .data               segger_sysview_freertos.o
    0x20000220   COMPRESSED   0x00000004   Data   RW         9228    .data               system_nrf52.o
    0x20000224   COMPRESSED   0x00000004   Data   RW         9396    .data               mc_w.l(mvars.o)
    0x20000228   COMPRESSED   0x00000004   Data   RW         9397    .data               mc_w.l(mvars.o)
    0x2000022c   COMPRESSED   0x00000014   Data   RW         6586    fs_data             fds.o
    0x20000240   COMPRESSED   0x00000004   Data   RW         1819    log_dynamic_data    app_acc_service.o
    0x20000244   COMPRESSED   0x00000004   Data   RW         1945    log_dynamic_data    app_dts_service.o
    0x20000248   COMPRESSED   0x00000004   Data   RW         4646    log_dynamic_data    nrf_ble_gatt.o
    0x2000024c   COMPRESSED   0x00000004   Data   RW         6091    log_dynamic_data    nrf_sdh.o
    0x20000250   COMPRESSED   0x00000004   Data   RW         6244    log_dynamic_data    nrf_sdh_ble.o
    0x20000254   COMPRESSED   0x00000004   Data   RW         6296    log_dynamic_data    nrf_sdh_freertos.o
    0x20000258   COMPRESSED   0x00000004   Data   RW         6338    log_dynamic_data    nrf_sdh_soc.o
    0x2000025c   COMPRESSED   0x00000004   Data   RW         6588    log_dynamic_data    fds.o
    0x20000260   COMPRESSED   0x00000004   Data   RW         6985    log_dynamic_data    hardfault_implementation.o
    0x20000264   COMPRESSED   0x00000004   Data   RW         7471    log_dynamic_data    nrf_fstorage.o
    0x20000268   COMPRESSED   0x00000004   Data   RW         7570    log_dynamic_data    nrf_fstorage_sd.o
    0x2000026c   COMPRESSED   0x00000004   Data   RW         7763    log_dynamic_data    nrf_pwr_mgmt.o
    0x20000270   COMPRESSED   0x00000008   Data   RW         8090    log_dynamic_data    nrf_log_frontend.o
    0x20000278        -       0x00000048   Zero   RW           20    .bss                app_pin_configuration.o
    0x200002c0        -       0x00000028   Zero   RW          619    .bss                ads1292r.o
    0x200002e8        -       0x0000000c   Zero   RW          690    .bss                bq25120.o
    0x200002f4        -       0x00000024   Zero   RW          782    .bss                led.o
    0x20000318        -       0x00000024   Zero   RW          905    .bss                twim.o
    0x2000033c        -       0x000000d8   Zero   RW         2025    .bss                app_helper.o
    0x20000414        -       0x00000010   Zero   RW         2448    .bss                queue.o
    0x20000424        -       0x000000c8   Zero   RW         2840    .bss                tasks.o
    0x200004ec        -       0x00000028   Zero   RW         3174    .bss                timers.o
    0x20000514        -       0x00007ef4   Zero   RW         3299    .bss                heap_1.o
    0x20008408        -       0x00000050   Zero   RW         3827    .bss                ble_conn_params.o
    0x20008458        -       0x00000078   Zero   RW         3936    .bss                ble_conn_state.o
    0x200084d0        -       0x00000100   Zero   RW         4456    .bss                id_manager.o
    0x200085d0        -       0x00000190   Zero   RW         5008    .bss                peer_database.o
    0x20008760        -       0x00000040   Zero   RW         5185    .bss                peer_id.o
    0x200087a0        -       0x0000000c   Zero   RW         5311    .bss                peer_manager.o
    0x200087ac        -       0x0000000c   Zero   RW         5608    .bss                app_util_platform.o
    0x200087b8        -       0x00000040   Zero   RW         5764    .bss                security_dispatcher.o
    0x200087f8        -       0x00000020   Zero   RW         6367    .bss                app_error.o
    0x20008818        -       0x000000e0   Zero   RW         6582    .bss                fds.o
    0x200088f8        -       0x000000a0   Zero   RW         7565    .bss                nrf_fstorage_sd.o
    0x20008998        -       0x000004e4   Zero   RW         8086    .bss                nrf_log_frontend.o
    0x20008e7c        -       0x000004b8   Zero   RW         8503    .bss                segger_rtt_1.o
    0x20009334        -       0x0000050b   Zero   RW         8737    .bss                segger_sysview.o
    0x2000983f   COMPRESSED   0x00000001   PAD
    0x20009840        -       0x000000a0   Zero   RW         9156    .bss                segger_sysview_freertos.o
    0x200098e0        -       0x00002000   Zero   RW         9206    HEAP                arm_startup_nrf52.o
    0x2000b8e0        -       0x00002000   Zero   RW         9205    STACK               arm_startup_nrf52.o

